[0.185s] DEBUG:colcon:Command line arguments: ['/usr/bin/colcon', 'build', '--merge-install', '--base-paths', '/robofuzz/robot_localization_ws/src', '--packages-select', 'robot_localization', '--build-base', '/robofuzz/robot_localization_ws/build', '--install-base', '/robofuzz/robot_localization_ws/install']
[0.185s] DEBUG:colcon:Parsed command line arguments: Namespace(allow_overriding=[], ament_cmake_args=None, base_paths=['/robofuzz/robot_localization_ws/src'], build_base='/robofuzz/robot_localization_ws/build', catkin_cmake_args=None, catkin_skip_building_tests=False, cmake_args=None, cmake_clean_cache=False, cmake_clean_first=False, cmake_force_configure=False, cmake_target=None, cmake_target_skip_unavailable=False, continue_on_error=False, event_handlers=None, executor='parallel', ignore_user_meta=False, install_base='/robofuzz/robot_localization_ws/install', log_base=None, log_level=None, main=<bound method BuildVerb.main of <colcon_core.verb.build.BuildVerb object at 0x7fcc3b668970>>, merge_install=True, metas=['./colcon.meta'], mixin=None, mixin_files=None, mixin_verb=('build',), packages_above=None, packages_above_and_dependencies=None, packages_above_depth=None, packages_end=None, packages_ignore=None, packages_ignore_regex=None, packages_select=['robot_localization'], packages_select_build_failed=False, packages_select_by_dep=None, packages_select_regex=None, packages_select_test_failures=False, packages_skip=None, packages_skip_build_finished=False, packages_skip_by_dep=None, packages_skip_regex=None, packages_skip_test_passed=False, packages_skip_up_to=None, packages_start=None, packages_up_to=None, packages_up_to_regex=None, parallel_workers=12, paths=None, symlink_install=False, test_result_base=None, verb_extension=<colcon_core.verb.build.BuildVerb object at 0x7fcc3b668970>, verb_name='build', verb_parser=<colcon_mixin.mixin.mixin_argument.MixinArgumentDecorator object at 0x7fcc3b668f40>)
[0.192s] Level 1:colcon.colcon_core.package_discovery:discover_packages(colcon_meta) check parameters
[0.193s] INFO:colcon.colcon_metadata.package_discovery.colcon_meta:Using configuration from '/root/.colcon/metadata/default/Gazebo.meta'
[0.194s] INFO:colcon.colcon_metadata.package_discovery.colcon_meta:Using configuration from '/root/.colcon/metadata/default/fastrtps.meta'
[0.194s] Level 1:colcon.colcon_core.package_discovery:discover_packages(recursive) check parameters
[0.194s] Level 1:colcon.colcon_core.package_discovery:discover_packages(ignore) check parameters
[0.194s] Level 1:colcon.colcon_core.package_discovery:discover_packages(path) check parameters
[0.194s] Level 1:colcon.colcon_core.package_discovery:discover_packages(recursive) discover
[0.194s] INFO:colcon.colcon_core.package_discovery:Crawling recursively for packages in '/robofuzz/robot_localization_ws/src'
[0.194s] Level 1:colcon.colcon_core.package_identification:_identify(/robofuzz/robot_localization_ws/src) by extensions ['ignore', 'ignore_ament_install']
[0.194s] Level 1:colcon.colcon_core.package_identification:_identify(/robofuzz/robot_localization_ws/src) by extension 'ignore'
[0.194s] Level 1:colcon.colcon_core.package_identification:_identify(/robofuzz/robot_localization_ws/src) by extension 'ignore_ament_install'
[0.194s] Level 1:colcon.colcon_core.package_identification:_identify(/robofuzz/robot_localization_ws/src) by extensions ['colcon_pkg']
[0.194s] Level 1:colcon.colcon_core.package_identification:_identify(/robofuzz/robot_localization_ws/src) by extension 'colcon_pkg'
[0.194s] Level 1:colcon.colcon_core.package_identification:_identify(/robofuzz/robot_localization_ws/src) by extensions ['colcon_meta']
[0.194s] Level 1:colcon.colcon_core.package_identification:_identify(/robofuzz/robot_localization_ws/src) by extension 'colcon_meta'
[0.194s] Level 1:colcon.colcon_core.package_identification:_identify(/robofuzz/robot_localization_ws/src) by extensions ['ros']
[0.194s] Level 1:colcon.colcon_core.package_identification:_identify(/robofuzz/robot_localization_ws/src) by extension 'ros'
[0.203s] Level 1:colcon.colcon_core.package_identification:_identify(/robofuzz/robot_localization_ws/src) by extensions ['cmake', 'python']
[0.203s] Level 1:colcon.colcon_core.package_identification:_identify(/robofuzz/robot_localization_ws/src) by extension 'cmake'
[0.203s] Level 1:colcon.colcon_core.package_identification:_identify(/robofuzz/robot_localization_ws/src) by extension 'python'
[0.203s] Level 1:colcon.colcon_core.package_identification:_identify(/robofuzz/robot_localization_ws/src) by extensions ['python_setup_py']
[0.203s] Level 1:colcon.colcon_core.package_identification:_identify(/robofuzz/robot_localization_ws/src) by extension 'python_setup_py'
[0.204s] Level 1:colcon.colcon_core.package_identification:_identify(/robofuzz/robot_localization_ws/src/robot_localization) by extensions ['ignore', 'ignore_ament_install']
[0.204s] Level 1:colcon.colcon_core.package_identification:_identify(/robofuzz/robot_localization_ws/src/robot_localization) by extension 'ignore'
[0.204s] Level 1:colcon.colcon_core.package_identification:_identify(/robofuzz/robot_localization_ws/src/robot_localization) by extension 'ignore_ament_install'
[0.204s] Level 1:colcon.colcon_core.package_identification:_identify(/robofuzz/robot_localization_ws/src/robot_localization) by extensions ['colcon_pkg']
[0.204s] Level 1:colcon.colcon_core.package_identification:_identify(/robofuzz/robot_localization_ws/src/robot_localization) by extension 'colcon_pkg'
[0.204s] Level 1:colcon.colcon_core.package_identification:_identify(/robofuzz/robot_localization_ws/src/robot_localization) by extensions ['colcon_meta']
[0.204s] Level 1:colcon.colcon_core.package_identification:_identify(/robofuzz/robot_localization_ws/src/robot_localization) by extension 'colcon_meta'
[0.204s] Level 1:colcon.colcon_core.package_identification:_identify(/robofuzz/robot_localization_ws/src/robot_localization) by extensions ['ros']
[0.204s] Level 1:colcon.colcon_core.package_identification:_identify(/robofuzz/robot_localization_ws/src/robot_localization) by extension 'ros'
[0.207s] DEBUG:colcon.colcon_core.package_identification:Package '/robofuzz/robot_localization_ws/src/robot_localization' with type 'ros.ament_cmake' and name 'robot_localization'
[0.207s] Level 1:colcon.colcon_core.package_discovery:discover_packages(recursive) using defaults
[0.232s] Level 1:colcon.colcon_core.package_discovery:discover_packages(prefix_path) check parameters
[0.232s] Level 1:colcon.colcon_core.package_discovery:discover_packages(prefix_path) discover
[0.239s] DEBUG:colcon.colcon_installed_package_information.package_discovery:Found 3 installed packages in /robofuzz/targets/moveit2_ws/install
[0.240s] DEBUG:colcon.colcon_installed_package_information.package_discovery:Found 16 installed packages in /robofuzz/targets/turtlebot3_ws/install
[0.241s] DEBUG:colcon.colcon_installed_package_information.package_discovery:Found 2 installed packages in /robofuzz/targets/idltest_ws/install
[0.242s] DEBUG:colcon.colcon_installed_package_information.package_discovery:Found 2 installed packages in /robofuzz/targets/px4_ros_com_ros2/install
[0.244s] DEBUG:colcon.colcon_installed_package_information.package_discovery:Found 347 installed packages in /opt/ros/foxy
[0.245s] Level 1:colcon.colcon_core.package_discovery:discover_packages(prefix_path) using defaults
[0.479s] Level 5:colcon.colcon_core.verb:set package 'robot_localization' build argument 'cmake_args' from command line to 'None'
[0.479s] Level 5:colcon.colcon_core.verb:set package 'robot_localization' build argument 'cmake_target' from command line to 'None'
[0.479s] Level 5:colcon.colcon_core.verb:set package 'robot_localization' build argument 'cmake_target_skip_unavailable' from command line to 'False'
[0.479s] Level 5:colcon.colcon_core.verb:set package 'robot_localization' build argument 'cmake_clean_cache' from command line to 'False'
[0.479s] Level 5:colcon.colcon_core.verb:set package 'robot_localization' build argument 'cmake_clean_first' from command line to 'False'
[0.479s] Level 5:colcon.colcon_core.verb:set package 'robot_localization' build argument 'cmake_force_configure' from command line to 'False'
[0.479s] Level 5:colcon.colcon_core.verb:set package 'robot_localization' build argument 'ament_cmake_args' from command line to 'None'
[0.479s] Level 5:colcon.colcon_core.verb:set package 'robot_localization' build argument 'catkin_cmake_args' from command line to 'None'
[0.479s] Level 5:colcon.colcon_core.verb:set package 'robot_localization' build argument 'catkin_skip_building_tests' from command line to 'False'
[0.479s] DEBUG:colcon.colcon_core.verb:Building package 'robot_localization' with the following arguments: {'ament_cmake_args': None, 'build_base': '/robofuzz/robot_localization_ws/build/robot_localization', 'catkin_cmake_args': None, 'catkin_skip_building_tests': False, 'cmake_args': None, 'cmake_clean_cache': False, 'cmake_clean_first': False, 'cmake_force_configure': False, 'cmake_target': None, 'cmake_target_skip_unavailable': False, 'install_base': '/robofuzz/robot_localization_ws/install', 'merge_install': True, 'path': '/robofuzz/robot_localization_ws/src/robot_localization', 'symlink_install': False, 'test_result_base': None}
[0.484s] WARNING:colcon.colcon_core.verb:Some selected packages are already built in one or more underlay workspaces:
	'robot_localization' is in: /opt/ros/foxy
If a package in a merged underlay workspace is overridden and it installs headers, then all packages in the overlay must sort their include directories by workspace order. Failure to do so may result in build failures or undefined behavior at run time.
If the overridden package is used by another package in any underlay, then the overriding package in the overlay must be API and ABI compatible or undefined behavior at run time may occur.

If you understand the risks and want to override a package anyways, add the following to the command line:
	--allow-overriding robot_localization

This may be promoted to an error in a future release of colcon-core.
[0.485s] INFO:colcon.colcon_core.executor:Executing jobs using 'parallel' executor
[0.486s] DEBUG:colcon.colcon_parallel_executor.executor.parallel:run_until_complete
[0.487s] INFO:colcon.colcon_ros.task.ament_cmake.build:Building ROS package in '/robofuzz/robot_localization_ws/src/robot_localization' with build type 'ament_cmake'
[0.487s] INFO:colcon.colcon_cmake.task.cmake.build:Building CMake package in '/robofuzz/robot_localization_ws/src/robot_localization'
[0.492s] INFO:colcon.colcon_core.plugin_system:Skipping extension 'colcon_core.shell.bat': Not used on non-Windows systems
[0.492s] INFO:colcon.colcon_core.shell:Skip shell extension 'powershell' for command environment: Not usable outside of PowerShell
[0.492s] DEBUG:colcon.colcon_core.shell:Skip shell extension 'dsv' for command environment
[0.507s] DEBUG:colcon.colcon_core.event_handler.log_command:Invoking command in '/robofuzz/robot_localization_ws/build/robot_localization': CMAKE_PREFIX_PATH=${CMAKE_PREFIX_PATH}:/robofuzz/targets/turtlebot3_ws/install/turtlebot3_teleop:/robofuzz/targets/turtlebot3_ws/install/turtlebot3_example:/opt/ros/foxy /usr/bin/cmake /robofuzz/robot_localization_ws/src/robot_localization -DCMAKE_INSTALL_PREFIX=/robofuzz/robot_localization_ws/install
[4.791s] DEBUG:colcon.colcon_core.event_handler.log_command:Invoked command in '/robofuzz/robot_localization_ws/build/robot_localization' returned '0': CMAKE_PREFIX_PATH=${CMAKE_PREFIX_PATH}:/robofuzz/targets/turtlebot3_ws/install/turtlebot3_teleop:/robofuzz/targets/turtlebot3_ws/install/turtlebot3_example:/opt/ros/foxy /usr/bin/cmake /robofuzz/robot_localization_ws/src/robot_localization -DCMAKE_INSTALL_PREFIX=/robofuzz/robot_localization_ws/install
[4.794s] DEBUG:colcon.colcon_core.event_handler.log_command:Invoking command in '/robofuzz/robot_localization_ws/build/robot_localization': CMAKE_PREFIX_PATH=${CMAKE_PREFIX_PATH}:/robofuzz/targets/turtlebot3_ws/install/turtlebot3_teleop:/robofuzz/targets/turtlebot3_ws/install/turtlebot3_example:/opt/ros/foxy /usr/bin/cmake --build /robofuzz/robot_localization_ws/build/robot_localization -- -j12 -l12
[88.996s] DEBUG:colcon.colcon_core.event_handler.log_command:Invoked command in '/robofuzz/robot_localization_ws/build/robot_localization' returned '0': CMAKE_PREFIX_PATH=${CMAKE_PREFIX_PATH}:/robofuzz/targets/turtlebot3_ws/install/turtlebot3_teleop:/robofuzz/targets/turtlebot3_ws/install/turtlebot3_example:/opt/ros/foxy /usr/bin/cmake --build /robofuzz/robot_localization_ws/build/robot_localization -- -j12 -l12
[89.317s] DEBUG:colcon.colcon_core.event_handler.log_command:Invoking command in '/robofuzz/robot_localization_ws/build/robot_localization': CMAKE_PREFIX_PATH=${CMAKE_PREFIX_PATH}:/robofuzz/targets/turtlebot3_ws/install/turtlebot3_teleop:/robofuzz/targets/turtlebot3_ws/install/turtlebot3_example:/opt/ros/foxy /usr/bin/cmake --install /robofuzz/robot_localization_ws/build/robot_localization
[89.748s] Level 1:colcon.colcon_core.environment:create_environment_scripts_only(robot_localization)
[89.752s] DEBUG:colcon.colcon_core.event_handler.log_command:Invoked command in '/robofuzz/robot_localization_ws/build/robot_localization' returned '0': CMAKE_PREFIX_PATH=${CMAKE_PREFIX_PATH}:/robofuzz/targets/turtlebot3_ws/install/turtlebot3_teleop:/robofuzz/targets/turtlebot3_ws/install/turtlebot3_example:/opt/ros/foxy /usr/bin/cmake --install /robofuzz/robot_localization_ws/build/robot_localization
[89.769s] Level 1:colcon.colcon_core.environment:checking '/robofuzz/robot_localization_ws/install' for CMake module files
[89.770s] Level 1:colcon.colcon_core.environment:checking '/robofuzz/robot_localization_ws/install' for CMake config files
[89.771s] Level 1:colcon.colcon_core.shell:create_environment_hook('robot_localization', 'cmake_prefix_path')
[89.772s] INFO:colcon.colcon_core.shell:Creating environment hook '/robofuzz/robot_localization_ws/install/share/robot_localization/hook/cmake_prefix_path.ps1'
[89.773s] INFO:colcon.colcon_core.shell:Creating environment descriptor '/robofuzz/robot_localization_ws/install/share/robot_localization/hook/cmake_prefix_path.dsv'
[89.774s] INFO:colcon.colcon_core.shell:Creating environment hook '/robofuzz/robot_localization_ws/install/share/robot_localization/hook/cmake_prefix_path.sh'
[89.777s] Level 1:colcon.colcon_core.environment:checking '/robofuzz/robot_localization_ws/install/lib'
[89.777s] Level 1:colcon.colcon_core.shell:create_environment_hook('robot_localization', 'ld_library_path_lib')
[89.777s] INFO:colcon.colcon_core.shell:Creating environment hook '/robofuzz/robot_localization_ws/install/share/robot_localization/hook/ld_library_path_lib.ps1'
[89.778s] INFO:colcon.colcon_core.shell:Creating environment descriptor '/robofuzz/robot_localization_ws/install/share/robot_localization/hook/ld_library_path_lib.dsv'
[89.778s] INFO:colcon.colcon_core.shell:Creating environment hook '/robofuzz/robot_localization_ws/install/share/robot_localization/hook/ld_library_path_lib.sh'
[89.778s] Level 1:colcon.colcon_core.environment:checking '/robofuzz/robot_localization_ws/install/bin'
[89.778s] Level 1:colcon.colcon_core.environment:checking '/robofuzz/robot_localization_ws/install/lib/pkgconfig/robot_localization.pc'
[89.778s] Level 1:colcon.colcon_core.environment:checking '/robofuzz/robot_localization_ws/install/lib/python3.8/site-packages'
[89.779s] Level 1:colcon.colcon_core.shell:create_environment_hook('robot_localization', 'pythonpath')
[89.779s] INFO:colcon.colcon_core.shell:Creating environment hook '/robofuzz/robot_localization_ws/install/share/robot_localization/hook/pythonpath.ps1'
[89.779s] INFO:colcon.colcon_core.shell:Creating environment descriptor '/robofuzz/robot_localization_ws/install/share/robot_localization/hook/pythonpath.dsv'
[89.780s] INFO:colcon.colcon_core.shell:Creating environment hook '/robofuzz/robot_localization_ws/install/share/robot_localization/hook/pythonpath.sh'
[89.781s] INFO:colcon.colcon_core.shell:Creating package script '/robofuzz/robot_localization_ws/install/share/robot_localization/package.ps1'
[89.782s] INFO:colcon.colcon_core.shell:Creating package descriptor '/robofuzz/robot_localization_ws/install/share/robot_localization/package.dsv'
[89.782s] INFO:colcon.colcon_core.shell:Creating package script '/robofuzz/robot_localization_ws/install/share/robot_localization/package.sh'
[89.783s] INFO:colcon.colcon_core.shell:Creating package script '/robofuzz/robot_localization_ws/install/share/robot_localization/package.bash'
[89.784s] INFO:colcon.colcon_core.shell:Creating package script '/robofuzz/robot_localization_ws/install/share/robot_localization/package.zsh'
[89.785s] Level 1:colcon.colcon_core.environment:create_file_with_runtime_dependencies(/robofuzz/robot_localization_ws/install/share/colcon-core/packages/robot_localization)
[90.073s] Level 1:colcon.colcon_core.environment:create_environment_scripts_only(robot_localization)
[90.074s] Level 1:colcon.colcon_core.environment:checking '/robofuzz/robot_localization_ws/install' for CMake module files
[90.075s] Level 1:colcon.colcon_core.environment:checking '/robofuzz/robot_localization_ws/install' for CMake config files
[90.076s] Level 1:colcon.colcon_core.shell:create_environment_hook('robot_localization', 'cmake_prefix_path')
[90.076s] INFO:colcon.colcon_core.shell:Creating environment hook '/robofuzz/robot_localization_ws/install/share/robot_localization/hook/cmake_prefix_path.ps1'
[90.077s] INFO:colcon.colcon_core.shell:Creating environment descriptor '/robofuzz/robot_localization_ws/install/share/robot_localization/hook/cmake_prefix_path.dsv'
[90.077s] INFO:colcon.colcon_core.shell:Creating environment hook '/robofuzz/robot_localization_ws/install/share/robot_localization/hook/cmake_prefix_path.sh'
[90.078s] Level 1:colcon.colcon_core.environment:checking '/robofuzz/robot_localization_ws/install/lib'
[90.078s] Level 1:colcon.colcon_core.shell:create_environment_hook('robot_localization', 'ld_library_path_lib')
[90.078s] INFO:colcon.colcon_core.shell:Creating environment hook '/robofuzz/robot_localization_ws/install/share/robot_localization/hook/ld_library_path_lib.ps1'
[90.078s] INFO:colcon.colcon_core.shell:Creating environment descriptor '/robofuzz/robot_localization_ws/install/share/robot_localization/hook/ld_library_path_lib.dsv'
[90.079s] INFO:colcon.colcon_core.shell:Creating environment hook '/robofuzz/robot_localization_ws/install/share/robot_localization/hook/ld_library_path_lib.sh'
[90.079s] Level 1:colcon.colcon_core.environment:checking '/robofuzz/robot_localization_ws/install/bin'
[90.079s] Level 1:colcon.colcon_core.environment:checking '/robofuzz/robot_localization_ws/install/lib/pkgconfig/robot_localization.pc'
[90.079s] Level 1:colcon.colcon_core.environment:checking '/robofuzz/robot_localization_ws/install/lib/python3.8/site-packages'
[90.079s] Level 1:colcon.colcon_core.shell:create_environment_hook('robot_localization', 'pythonpath')
[90.079s] INFO:colcon.colcon_core.shell:Creating environment hook '/robofuzz/robot_localization_ws/install/share/robot_localization/hook/pythonpath.ps1'
[90.080s] INFO:colcon.colcon_core.shell:Creating environment descriptor '/robofuzz/robot_localization_ws/install/share/robot_localization/hook/pythonpath.dsv'
[90.080s] INFO:colcon.colcon_core.shell:Creating environment hook '/robofuzz/robot_localization_ws/install/share/robot_localization/hook/pythonpath.sh'
[90.081s] INFO:colcon.colcon_core.shell:Creating package script '/robofuzz/robot_localization_ws/install/share/robot_localization/package.ps1'
[90.081s] INFO:colcon.colcon_core.shell:Creating package descriptor '/robofuzz/robot_localization_ws/install/share/robot_localization/package.dsv'
[90.082s] INFO:colcon.colcon_core.shell:Creating package script '/robofuzz/robot_localization_ws/install/share/robot_localization/package.sh'
[90.082s] INFO:colcon.colcon_core.shell:Creating package script '/robofuzz/robot_localization_ws/install/share/robot_localization/package.bash'
[90.082s] INFO:colcon.colcon_core.shell:Creating package script '/robofuzz/robot_localization_ws/install/share/robot_localization/package.zsh'
[90.083s] Level 1:colcon.colcon_core.environment:create_file_with_runtime_dependencies(/robofuzz/robot_localization_ws/install/share/colcon-core/packages/robot_localization)
[90.083s] DEBUG:colcon.colcon_parallel_executor.executor.parallel:closing loop
[90.084s] DEBUG:colcon.colcon_parallel_executor.executor.parallel:loop closed
[90.084s] DEBUG:colcon.colcon_parallel_executor.executor.parallel:run_until_complete finished with '0'
[90.084s] DEBUG:colcon.colcon_core.event_reactor:joining thread
[90.116s] INFO:colcon.colcon_core.plugin_system:Skipping extension 'colcon_notification.desktop_notification.notify_send': Could not find 'notify-send'
[90.116s] INFO:colcon.colcon_core.plugin_system:Skipping extension 'colcon_notification.desktop_notification.terminal_notifier': Not used on non-Darwin systems
[90.116s] INFO:colcon.colcon_core.plugin_system:Skipping extension 'colcon_notification.desktop_notification.win32': Not used on non-Windows systems
[90.116s] INFO:colcon.colcon_notification.desktop_notification:Sending desktop notification using 'notify2'
[90.130s] DEBUG:colcon.colcon_notification.desktop_notification.notify2:Failed to initialize notify2: org.freedesktop.DBus.Error.Spawn.ExecFailed: /usr/bin/dbus-launch terminated abnormally with the following error: Authorization required, but no authorization protocol specified
Autolaunch error: X11 initialization failed.

[90.131s] DEBUG:colcon.colcon_core.event_reactor:joined thread
[90.132s] INFO:colcon.colcon_core.shell:Creating prefix script '/robofuzz/robot_localization_ws/install/local_setup.ps1'
[90.133s] INFO:colcon.colcon_core.shell:Creating prefix util module '/robofuzz/robot_localization_ws/install/_local_setup_util_ps1.py'
[90.134s] INFO:colcon.colcon_core.shell:Creating prefix chain script '/robofuzz/robot_localization_ws/install/setup.ps1'
[90.140s] INFO:colcon.colcon_core.shell:Creating prefix script '/robofuzz/robot_localization_ws/install/local_setup.sh'
[90.141s] INFO:colcon.colcon_core.shell:Creating prefix util module '/robofuzz/robot_localization_ws/install/_local_setup_util_sh.py'
[90.141s] INFO:colcon.colcon_core.shell:Creating prefix chain script '/robofuzz/robot_localization_ws/install/setup.sh'
[90.143s] INFO:colcon.colcon_core.shell:Creating prefix script '/robofuzz/robot_localization_ws/install/local_setup.bash'
[90.144s] INFO:colcon.colcon_core.shell:Creating prefix chain script '/robofuzz/robot_localization_ws/install/setup.bash'
[90.146s] INFO:colcon.colcon_core.shell:Creating prefix script '/robofuzz/robot_localization_ws/install/local_setup.zsh'
[90.146s] INFO:colcon.colcon_core.shell:Creating prefix chain script '/robofuzz/robot_localization_ws/install/setup.zsh'
