[0.020s] Invoking command in '/robofuzz/robot_localization_ws/build/robot_localization': CMAKE_PREFIX_PATH=${CMAKE_PREFIX_PATH}:/robofuzz/targets/turtlebot3_ws/install/turtlebot3_teleop:/robofuzz/targets/turtlebot3_ws/install/turtlebot3_example:/opt/ros/foxy /usr/bin/cmake /robofuzz/robot_localization_ws/src/robot_localization -DCMAKE_INSTALL_PREFIX=/robofuzz/robot_localization_ws/install
[0.161s] -- The C compiler identification is GNU 9.4.0
[0.266s] -- The CXX compiler identification is GNU 9.4.0
[0.273s] -- Check for working C compiler: /usr/bin/cc
[0.358s] -- Check for working C compiler: /usr/bin/cc -- works
[0.359s] -- Detecting C compiler ABI info
[0.439s] -- Detecting C compiler ABI info - done
[0.448s] -- Detecting C compile features
[0.448s] -- Detecting C compile features - done
[0.450s] -- Check for working CXX compiler: /usr/bin/c++
[0.536s] -- Check for working CXX compiler: /usr/bin/c++ -- works
[0.536s] -- Detecting CXX compiler ABI info
[0.622s] -- Detecting CXX compiler ABI info - done
[0.631s] -- Detecting CXX compile features
[0.631s] -- Detecting CXX compile features - done
[0.632s] -- robot_localization: You did not request a specific build type: selecting 'RelWithDebInfo'.
[0.647s] -- Found ament_cmake: 0.9.9 (/opt/ros/foxy/share/ament_cmake/cmake)
[0.691s] -- Found PythonInterp: /usr/bin/python3 (found suitable version "3.8.10", minimum required is "3") 
[0.691s] -- Using PYTHON_EXECUTABLE: /usr/bin/python3
[0.961s] -- Found rclcpp: 2.4.1 (/opt/ros/foxy/share/rclcpp/cmake)
[1.067s] -- Using all available rosidl_typesupport_c: rosidl_typesupport_fastrtps_c;rosidl_typesupport_introspection_c
[1.089s] -- Found rosidl_adapter: 1.2.1 (/opt/ros/foxy/share/rosidl_adapter/cmake)
[1.261s] -- Found OpenSSL: /usr/lib/x86_64-linux-gnu/libcrypto.so (found version "1.1.1f")  
[1.307s] -- Found FastRTPS: /opt/ros/foxy/include  
[1.441s] -- Using all available rosidl_typesupport_cpp: rosidl_typesupport_fastrtps_cpp;rosidl_typesupport_introspection_cpp
[1.525s] -- Found rmw_implementation_cmake: 1.0.3 (/opt/ros/foxy/share/rmw_implementation_cmake/cmake)
[1.528s] -- Using RMW implementation 'rmw_fastrtps_cpp' as default
[1.529s] -- Looking for pthread.h
[1.618s] -- Looking for pthread.h - found
[1.618s] -- Performing Test CMAKE_HAVE_LIBC_PTHREAD
[1.702s] -- Performing Test CMAKE_HAVE_LIBC_PTHREAD - Failed
[1.702s] -- Looking for pthread_create in pthreads
[1.783s] -- Looking for pthread_create in pthreads - not found
[1.784s] -- Looking for pthread_create in pthread
[1.866s] -- Looking for pthread_create in pthread - found
[1.867s] -- Found Threads: TRUE  
[2.037s] -- Found diagnostic_msgs: 2.0.5 (/opt/ros/foxy/share/diagnostic_msgs/cmake)
[2.071s] -- Found diagnostic_updater: 3.1.2 (/opt/ros/foxy/share/diagnostic_updater/cmake)
[2.095s] -- Found geographic_msgs: 1.0.4 (/opt/ros/foxy/share/geographic_msgs/cmake)
[2.231s] -- Found nav_msgs: 2.0.5 (/opt/ros/foxy/share/nav_msgs/cmake)
[2.290s] -- Found rosidl_default_generators: 1.0.1 (/opt/ros/foxy/share/rosidl_default_generators/cmake)
[2.315s] -- Found sensor_msgs: 2.0.5 (/opt/ros/foxy/share/sensor_msgs/cmake)
[2.375s] -- Found std_srvs: 2.0.5 (/opt/ros/foxy/share/std_srvs/cmake)
[2.392s] -- Found tf2: 0.13.14 (/opt/ros/foxy/share/tf2/cmake)
[2.411s] -- Found tf2_eigen: 0.13.13 (/opt/ros/foxy/share/tf2_eigen/cmake)
[2.742s] -- Found tf2_geometry_msgs: 0.13.14 (/opt/ros/foxy/share/tf2_geometry_msgs/cmake)
[2.754s] -- Found Eigen3: TRUE (found version "3.3.7") 
[2.791s] -- Found Boost: /usr/lib/x86_64-linux-gnu/cmake/Boost-1.71.0/BoostConfig.cmake (found version "1.71.0")  
[2.799s] -- Found yaml_cpp_vendor: 7.0.2 (/opt/ros/foxy/share/yaml_cpp_vendor/cmake)
[2.799s] -- Setting yaml-cpp_DIR to: '/opt/ros/foxy/share/yaml_cpp_vendor/cmake/../../../opt/yaml_cpp_vendor/lib/cmake/yaml-cpp'
[2.802s] -- Found GeographicLib: /usr/lib/x86_64-linux-gnu  
[2.832s] -- Found PythonInterp: /usr/bin/python3 (found version "3.8.10") 
[3.041s] -- Found ament_cmake_cppcheck: 0.9.6 (/opt/ros/foxy/share/ament_cmake_cppcheck/cmake)
[3.048s] -- Found ament_cmake_cpplint: 0.9.6 (/opt/ros/foxy/share/ament_cmake_cpplint/cmake)
[3.056s] -- Found ament_cmake_uncrustify: 0.9.6 (/opt/ros/foxy/share/ament_cmake_uncrustify/cmake)
[3.063s] -- Found ament_cmake_ros: 0.9.2 (/opt/ros/foxy/share/ament_cmake_ros/cmake)
[3.424s] -- Using all available rosidl_typesupport_c: rosidl_typesupport_fastrtps_c;rosidl_typesupport_introspection_c
[3.558s] -- Using all available rosidl_typesupport_cpp: rosidl_typesupport_fastrtps_cpp;rosidl_typesupport_introspection_cpp
[3.594s] -- Found PythonInterp: /usr/bin/python3 (found suitable version "3.8.10", minimum required is "3.5") 
[3.600s] -- Found python_cmake_module: 0.8.1 (/opt/ros/foxy/share/python_cmake_module/cmake)
[3.637s] -- Found PythonLibs: /usr/lib/x86_64-linux-gnu/libpython3.8.so (found suitable version "3.8.10", minimum required is "3.5") 
[3.638s] -- Using PYTHON_EXECUTABLE: /usr/bin/python3
[3.638s] -- Using PYTHON_INCLUDE_DIRS: /usr/include/python3.8
[3.638s] -- Using PYTHON_LIBRARIES: /usr/lib/x86_64-linux-gnu/libpython3.8.so
[3.664s] -- Found PythonExtra: .so  
[3.774s] -- Found ament_cmake_flake8: 0.9.6 (/opt/ros/foxy/share/ament_cmake_flake8/cmake)
[3.781s] -- Found ament_cmake_pep257: 0.9.6 (/opt/ros/foxy/share/ament_cmake_pep257/cmake)
[3.803s] -- Found ament_cmake_lint_cmake: 0.9.6 (/opt/ros/foxy/share/ament_cmake_lint_cmake/cmake)
[3.810s] -- Found launch_testing_ament_cmake: 0.10.8 (/opt/ros/foxy/share/launch_testing_ament_cmake/cmake)
[3.841s] -- Using PYTHON_EXECUTABLE: /usr/bin/python3
[3.841s] -- Using PYTHON_INCLUDE_DIRS: /usr/include/python3.8
[3.841s] -- Using PYTHON_LIBRARIES: /usr/lib/x86_64-linux-gnu/libpython3.8.so
[3.850s] -- Found gtest sources under '/opt/ros/foxy/src/gtest_vendor': C++ tests using 'Google Test' will be built
[3.853s] -- Check if compiler accepts -pthread
[3.941s] -- Check if compiler accepts -pthread - yes
[3.980s] -- Configuring done
[4.282s] -- Generating done
[4.288s] -- Build files have been written to: /robofuzz/robot_localization_ws/build/robot_localization
[4.304s] Invoked command in '/robofuzz/robot_localization_ws/build/robot_localization' returned '0': CMAKE_PREFIX_PATH=${CMAKE_PREFIX_PATH}:/robofuzz/targets/turtlebot3_ws/install/turtlebot3_teleop:/robofuzz/targets/turtlebot3_ws/install/turtlebot3_example:/opt/ros/foxy /usr/bin/cmake /robofuzz/robot_localization_ws/src/robot_localization -DCMAKE_INSTALL_PREFIX=/robofuzz/robot_localization_ws/install
[4.308s] Invoking command in '/robofuzz/robot_localization_ws/build/robot_localization': CMAKE_PREFIX_PATH=${CMAKE_PREFIX_PATH}:/robofuzz/targets/turtlebot3_ws/install/turtlebot3_teleop:/robofuzz/targets/turtlebot3_ws/install/turtlebot3_example:/opt/ros/foxy /usr/bin/cmake --build /robofuzz/robot_localization_ws/build/robot_localization -- -j12 -l12
[4.368s] [35m[1mScanning dependencies of target gtest_main[0m
[4.368s] [35m[1mScanning dependencies of target gtest[0m
[4.368s] [35m[1mScanning dependencies of target robot_localization__cpp[0m
[4.368s] [  1%] [34m[1mGenerating C code for ROS interfaces[0m
[4.385s] [  2%] [34m[1mGenerating C++ code for ROS interfaces[0m
[4.393s] [  4%] [32mBuilding CXX object gtest/CMakeFiles/gtest_main.dir/src/gtest_main.cc.o[0m
[4.394s] [  4%] [32mBuilding CXX object gtest/CMakeFiles/gtest.dir/src/gtest-all.cc.o[0m
[4.850s] [  4%] Built target robot_localization__cpp
[4.869s] [  5%] [34m[1mGenerating C++ type support for eProsima Fast-RTPS[0m
[4.869s] [  6%] [34m[1mGenerating C++ type support dispatch for ROS interfaces[0m
[4.872s] [  7%] [34m[1mGenerating C++ introspection for ROS interfaces[0m
[4.940s] [35m[1mScanning dependencies of target robot_localization__rosidl_generator_c[0m
[4.973s] [  8%] [32mBuilding C object CMakeFiles/robot_localization__rosidl_generator_c.dir/rosidl_generator_c/robot_localization/srv/detail/get_state__functions.c.o[0m
[4.975s] [  9%] [32mBuilding C object CMakeFiles/robot_localization__rosidl_generator_c.dir/rosidl_generator_c/robot_localization/srv/detail/from_ll__functions.c.o[0m
[4.977s] [  9%] [32mBuilding C object CMakeFiles/robot_localization__rosidl_generator_c.dir/rosidl_generator_c/robot_localization/srv/detail/set_datum__functions.c.o[0m
[4.978s] [ 10%] [32mBuilding C object CMakeFiles/robot_localization__rosidl_generator_c.dir/rosidl_generator_c/robot_localization/srv/detail/to_ll__functions.c.o[0m
[4.978s] [ 11%] [32mBuilding C object CMakeFiles/robot_localization__rosidl_generator_c.dir/rosidl_generator_c/robot_localization/srv/detail/set_pose__functions.c.o[0m
[4.979s] [ 12%] [32mBuilding C object CMakeFiles/robot_localization__rosidl_generator_c.dir/rosidl_generator_c/robot_localization/srv/detail/toggle_filter_processing__functions.c.o[0m
[5.192s] [ 13%] [32m[1mLinking C shared library librobot_localization__rosidl_generator_c.so[0m
[5.244s] [ 13%] [32m[1mLinking CXX static library libgtest_main.a[0m
[5.253s] [ 13%] Built target robot_localization__rosidl_generator_c
[5.269s] [ 14%] [34m[1mGenerating C introspection for ROS interfaces[0m
[5.269s] [ 15%] [34m[1mGenerating C type support dispatch for ROS interfaces[0m
[5.308s] [ 15%] Built target gtest_main
[5.327s] [35m[1mScanning dependencies of target robot_localization__rosidl_typesupport_cpp[0m
[5.357s] [ 16%] [32mBuilding CXX object CMakeFiles/robot_localization__rosidl_typesupport_cpp.dir/rosidl_typesupport_cpp/robot_localization/srv/from_ll__type_support.cpp.o[0m
[5.366s] [ 18%] [32mBuilding CXX object CMakeFiles/robot_localization__rosidl_typesupport_cpp.dir/rosidl_typesupport_cpp/robot_localization/srv/get_state__type_support.cpp.o[0m
[5.366s] [ 18%] [32mBuilding CXX object CMakeFiles/robot_localization__rosidl_typesupport_cpp.dir/rosidl_typesupport_cpp/robot_localization/srv/set_datum__type_support.cpp.o[0m
[5.370s] [ 19%] [32mBuilding CXX object CMakeFiles/robot_localization__rosidl_typesupport_cpp.dir/rosidl_typesupport_cpp/robot_localization/srv/set_pose__type_support.cpp.o[0m
[5.379s] [ 20%] [32mBuilding CXX object CMakeFiles/robot_localization__rosidl_typesupport_cpp.dir/rosidl_typesupport_cpp/robot_localization/srv/toggle_filter_processing__type_support.cpp.o[0m
[5.380s] [ 20%] [32mBuilding CXX object CMakeFiles/robot_localization__rosidl_typesupport_cpp.dir/rosidl_typesupport_cpp/robot_localization/srv/to_ll__type_support.cpp.o[0m
[5.386s] [35m[1mScanning dependencies of target robot_localization__rosidl_typesupport_introspection_cpp[0m
[5.423s] [ 21%] [32mBuilding CXX object CMakeFiles/robot_localization__rosidl_typesupport_introspection_cpp.dir/rosidl_typesupport_introspection_cpp/robot_localization/srv/detail/get_state__type_support.cpp.o[0m
[5.430s] [ 21%] [32mBuilding CXX object CMakeFiles/robot_localization__rosidl_typesupport_introspection_cpp.dir/rosidl_typesupport_introspection_cpp/robot_localization/srv/detail/from_ll__type_support.cpp.o[0m
[5.775s] [35m[1mScanning dependencies of target robot_localization__rosidl_typesupport_fastrtps_cpp[0m
[5.887s] [ 22%] [32mBuilding CXX object CMakeFiles/robot_localization__rosidl_typesupport_fastrtps_cpp.dir/rosidl_typesupport_fastrtps_cpp/robot_localization/srv/detail/dds_fastrtps/get_state__type_support.cpp.o[0m
[5.892s] [ 23%] [32mBuilding CXX object CMakeFiles/robot_localization__rosidl_typesupport_fastrtps_cpp.dir/rosidl_typesupport_fastrtps_cpp/robot_localization/srv/detail/dds_fastrtps/from_ll__type_support.cpp.o[0m
[5.905s] [ 24%] [32mBuilding CXX object CMakeFiles/robot_localization__rosidl_typesupport_fastrtps_cpp.dir/rosidl_typesupport_fastrtps_cpp/robot_localization/srv/detail/dds_fastrtps/set_datum__type_support.cpp.o[0m
[5.938s] [ 25%] [32mBuilding CXX object CMakeFiles/robot_localization__rosidl_typesupport_introspection_cpp.dir/rosidl_typesupport_introspection_cpp/robot_localization/srv/detail/set_datum__type_support.cpp.o[0m
[5.954s] [ 25%] [32mBuilding CXX object CMakeFiles/robot_localization__rosidl_typesupport_fastrtps_cpp.dir/rosidl_typesupport_fastrtps_cpp/robot_localization/srv/detail/dds_fastrtps/set_pose__type_support.cpp.o[0m
[5.955s] [ 26%] [32mBuilding CXX object CMakeFiles/robot_localization__rosidl_typesupport_introspection_cpp.dir/rosidl_typesupport_introspection_cpp/robot_localization/srv/detail/set_pose__type_support.cpp.o[0m
[5.963s] [35m[1mScanning dependencies of target robot_localization__rosidl_typesupport_c[0m
[5.964s] [ 27%] [32m[1mLinking CXX shared library librobot_localization__rosidl_typesupport_cpp.so[0m
[5.976s] [ 28%] [32mBuilding CXX object CMakeFiles/robot_localization__rosidl_typesupport_introspection_cpp.dir/rosidl_typesupport_introspection_cpp/robot_localization/srv/detail/toggle_filter_processing__type_support.cpp.o[0m
[5.999s] [ 28%] [32mBuilding CXX object CMakeFiles/robot_localization__rosidl_typesupport_c.dir/rosidl_typesupport_c/robot_localization/srv/from_ll__type_support.cpp.o[0m
[6.072s] [ 29%] [32mBuilding CXX object CMakeFiles/robot_localization__rosidl_typesupport_c.dir/rosidl_typesupport_c/robot_localization/srv/get_state__type_support.cpp.o[0m
[6.107s] [ 29%] Built target robot_localization__rosidl_typesupport_cpp
[6.117s] [ 30%] [32mBuilding CXX object CMakeFiles/robot_localization__rosidl_typesupport_c.dir/rosidl_typesupport_c/robot_localization/srv/set_datum__type_support.cpp.o[0m
[6.128s] [ 31%] [32mBuilding CXX object CMakeFiles/robot_localization__rosidl_typesupport_introspection_cpp.dir/rosidl_typesupport_introspection_cpp/robot_localization/srv/detail/to_ll__type_support.cpp.o[0m
[6.185s] [ 32%] [32mBuilding CXX object CMakeFiles/robot_localization__rosidl_typesupport_c.dir/rosidl_typesupport_c/robot_localization/srv/set_pose__type_support.cpp.o[0m
[6.200s] [ 33%] [32mBuilding CXX object CMakeFiles/robot_localization__rosidl_typesupport_c.dir/rosidl_typesupport_c/robot_localization/srv/toggle_filter_processing__type_support.cpp.o[0m
[6.257s] [35m[1mScanning dependencies of target robot_localization__rosidl_typesupport_introspection_c[0m
[6.274s] [ 34%] [32mBuilding CXX object CMakeFiles/robot_localization__rosidl_typesupport_c.dir/rosidl_typesupport_c/robot_localization/srv/to_ll__type_support.cpp.o[0m
[6.279s] [ 35%] [32mBuilding CXX object CMakeFiles/robot_localization__rosidl_typesupport_fastrtps_cpp.dir/rosidl_typesupport_fastrtps_cpp/robot_localization/srv/detail/dds_fastrtps/toggle_filter_processing__type_support.cpp.o[0m
[6.319s] [ 36%] [32mBuilding C object CMakeFiles/robot_localization__rosidl_typesupport_introspection_c.dir/rosidl_typesupport_introspection_c/robot_localization/srv/detail/from_ll__type_support.c.o[0m
[6.348s] [ 37%] [32m[1mLinking CXX shared library librobot_localization__rosidl_typesupport_c.so[0m
[6.434s] [ 38%] [32mBuilding C object CMakeFiles/robot_localization__rosidl_typesupport_introspection_c.dir/rosidl_typesupport_introspection_c/robot_localization/srv/detail/get_state__type_support.c.o[0m
[6.451s] [ 39%] [32mBuilding CXX object CMakeFiles/robot_localization__rosidl_typesupport_fastrtps_cpp.dir/rosidl_typesupport_fastrtps_cpp/robot_localization/srv/detail/dds_fastrtps/to_ll__type_support.cpp.o[0m
[6.452s] [ 39%] Built target robot_localization__rosidl_typesupport_c
[6.470s] [ 39%] [32mBuilding C object CMakeFiles/robot_localization__rosidl_typesupport_introspection_c.dir/rosidl_typesupport_introspection_c/robot_localization/srv/detail/set_datum__type_support.c.o[0m
[6.479s] [ 40%] [32mBuilding C object CMakeFiles/robot_localization__rosidl_typesupport_introspection_c.dir/rosidl_typesupport_introspection_c/robot_localization/srv/detail/set_pose__type_support.c.o[0m
[6.528s] [ 41%] [32mBuilding C object CMakeFiles/robot_localization__rosidl_typesupport_introspection_c.dir/rosidl_typesupport_introspection_c/robot_localization/srv/detail/toggle_filter_processing__type_support.c.o[0m
[6.560s] [ 42%] [32mBuilding C object CMakeFiles/robot_localization__rosidl_typesupport_introspection_c.dir/rosidl_typesupport_introspection_c/robot_localization/srv/detail/to_ll__type_support.c.o[0m
[6.662s] [ 43%] [32m[1mLinking CXX shared library librobot_localization__rosidl_typesupport_introspection_cpp.so[0m
[6.663s] [ 44%] [32m[1mLinking C shared library librobot_localization__rosidl_typesupport_introspection_c.so[0m
[6.730s] [ 44%] Built target robot_localization__rosidl_typesupport_introspection_c
[6.778s] [ 44%] Built target robot_localization__rosidl_typesupport_introspection_cpp
[7.000s] [ 45%] [32m[1mLinking CXX shared library librobot_localization__rosidl_typesupport_fastrtps_cpp.so[0m
[7.118s] [ 45%] Built target robot_localization__rosidl_typesupport_fastrtps_cpp
[7.134s] [ 46%] [34m[1mGenerating C type support for eProsima Fast-RTPS[0m
[7.553s] [35m[1mScanning dependencies of target robot_localization__rosidl_typesupport_fastrtps_c[0m
[7.592s] [ 48%] [32mBuilding CXX object CMakeFiles/robot_localization__rosidl_typesupport_fastrtps_c.dir/rosidl_typesupport_fastrtps_c/robot_localization/srv/detail/set_datum__type_support_c.cpp.o[0m
[7.592s] [ 48%] [32mBuilding CXX object CMakeFiles/robot_localization__rosidl_typesupport_fastrtps_c.dir/rosidl_typesupport_fastrtps_c/robot_localization/srv/detail/set_pose__type_support_c.cpp.o[0m
[7.592s] [ 50%] [32mBuilding CXX object CMakeFiles/robot_localization__rosidl_typesupport_fastrtps_c.dir/rosidl_typesupport_fastrtps_c/robot_localization/srv/detail/get_state__type_support_c.cpp.o[0m
[7.592s] [ 50%] [32mBuilding CXX object CMakeFiles/robot_localization__rosidl_typesupport_fastrtps_c.dir/rosidl_typesupport_fastrtps_c/robot_localization/srv/detail/from_ll__type_support_c.cpp.o[0m
[7.595s] [ 51%] [32mBuilding CXX object CMakeFiles/robot_localization__rosidl_typesupport_fastrtps_c.dir/rosidl_typesupport_fastrtps_c/robot_localization/srv/detail/to_ll__type_support_c.cpp.o[0m
[7.595s] [ 51%] [32mBuilding CXX object CMakeFiles/robot_localization__rosidl_typesupport_fastrtps_c.dir/rosidl_typesupport_fastrtps_c/robot_localization/srv/detail/toggle_filter_processing__type_support_c.cpp.o[0m
[8.141s] [ 52%] [32m[1mLinking CXX shared library librobot_localization__rosidl_typesupport_fastrtps_c.so[0m
[8.263s] [ 52%] Built target robot_localization__rosidl_typesupport_fastrtps_c
[8.277s] [35m[1mScanning dependencies of target robot_localization[0m
[8.293s] [ 52%] Built target robot_localization
[8.308s] [35m[1mScanning dependencies of target rl_lib[0m
[8.308s] [35m[1mScanning dependencies of target robot_localization__py[0m
[8.326s] [ 53%] [34m[1mGenerating Python code for ROS interfaces[0m
[8.549s] [ 56%] [32mBuilding CXX object CMakeFiles/rl_lib.dir/src/ekf.cpp.o[0m
[8.549s] [ 56%] [32mBuilding CXX object CMakeFiles/rl_lib.dir/src/filter_base.cpp.o[0m
[8.549s] [ 56%] [32mBuilding CXX object CMakeFiles/rl_lib.dir/src/ukf.cpp.o[0m
[8.553s] [ 57%] [32mBuilding CXX object CMakeFiles/rl_lib.dir/src/filter_utilities.cpp.o[0m
[8.560s] [ 57%] [32mBuilding CXX object CMakeFiles/rl_lib.dir/src/robot_localization_estimator.cpp.o[0m
[8.560s] [ 58%] [32mBuilding CXX object CMakeFiles/rl_lib.dir/src/navsat_transform.cpp.o[0m
[8.562s] [ 59%] [32mBuilding CXX object CMakeFiles/rl_lib.dir/src/ros_filter.cpp.o[0m
[8.563s] [ 60%] [32mBuilding CXX object CMakeFiles/rl_lib.dir/src/ros_filter_utilities.cpp.o[0m
[8.566s] [ 61%] [32mBuilding CXX object CMakeFiles/rl_lib.dir/src/ros_robot_localization_listener.cpp.o[0m
[10.147s] [ 61%] Built target robot_localization__py
[10.174s] [35m[1mScanning dependencies of target robot_localization__python[0m
[10.261s] [ 62%] [32mBuilding C object CMakeFiles/robot_localization__python.dir/rosidl_generator_py/robot_localization/srv/_from_ll_s.c.o[0m
[10.285s] [ 62%] [32mBuilding C object CMakeFiles/robot_localization__python.dir/rosidl_generator_py/robot_localization/srv/_get_state_s.c.o[0m
[10.532s] [ 63%] [32mBuilding C object CMakeFiles/robot_localization__python.dir/rosidl_generator_py/robot_localization/srv/_set_datum_s.c.o[0m
[10.584s] [ 64%] [32mBuilding C object CMakeFiles/robot_localization__python.dir/rosidl_generator_py/robot_localization/srv/_set_pose_s.c.o[0m
[10.664s] [ 65%] [32mBuilding C object CMakeFiles/robot_localization__python.dir/rosidl_generator_py/robot_localization/srv/_toggle_filter_processing_s.c.o[0m
[10.845s] [ 66%] [32mBuilding C object CMakeFiles/robot_localization__python.dir/rosidl_generator_py/robot_localization/srv/_to_ll_s.c.o[0m
[11.285s] [ 67%] [32m[1mLinking C shared library rosidl_generator_py/robot_localization/librobot_localization__python.so[0m
[11.447s] [ 67%] Built target robot_localization__python
[11.473s] [35m[1mScanning dependencies of target robot_localization__rosidl_typesupport_fastrtps_c__pyext[0m
[11.483s] [35m[1mScanning dependencies of target robot_localization__rosidl_typesupport_introspection_c__pyext[0m
[11.493s] [35m[1mScanning dependencies of target robot_localization__rosidl_typesupport_c__pyext[0m
[11.542s] [ 68%] [32mBuilding C object CMakeFiles/robot_localization__rosidl_typesupport_fastrtps_c__pyext.dir/rosidl_generator_py/robot_localization/_robot_localization_s.ep.rosidl_typesupport_fastrtps_c.c.o[0m
[11.544s] [ 69%] [32mBuilding C object CMakeFiles/robot_localization__rosidl_typesupport_introspection_c__pyext.dir/rosidl_generator_py/robot_localization/_robot_localization_s.ep.rosidl_typesupport_introspection_c.c.o[0m
[11.582s] [ 70%] [32mBuilding C object CMakeFiles/robot_localization__rosidl_typesupport_c__pyext.dir/rosidl_generator_py/robot_localization/_robot_localization_s.ep.rosidl_typesupport_c.c.o[0m
[12.042s] [ 71%] [32m[1mLinking CXX shared library rosidl_generator_py/robot_localization/robot_localization_s__rosidl_typesupport_fastrtps_c.cpython-38-x86_64-linux-gnu.so[0m
[12.051s] [ 72%] [32m[1mLinking C shared library rosidl_generator_py/robot_localization/robot_localization_s__rosidl_typesupport_introspection_c.cpython-38-x86_64-linux-gnu.so[0m
[12.148s] [ 72%] Built target robot_localization__rosidl_typesupport_introspection_c__pyext
[12.196s] [ 72%] Built target robot_localization__rosidl_typesupport_fastrtps_c__pyext
[12.240s] [ 72%] [32m[1mLinking C shared library rosidl_generator_py/robot_localization/robot_localization_s__rosidl_typesupport_c.cpython-38-x86_64-linux-gnu.so[0m
[12.326s] [ 72%] Built target robot_localization__rosidl_typesupport_c__pyext
[17.616s] [ 73%] [32m[1mLinking CXX static library libgtest.a[0m
[17.750s] [ 73%] Built target gtest
[61.509s] [ 74%] [32m[1mLinking CXX shared library librl_lib.so[0m
[62.689s] [ 74%] Built target rl_lib
[62.715s] [35m[1mScanning dependencies of target test_navsat_conversions[0m
[62.715s] [35m[1mScanning dependencies of target filter_base-test[0m
[62.715s] [35m[1mScanning dependencies of target ukf_node[0m
[62.715s] [35m[1mScanning dependencies of target test_ros_robot_localization_listener[0m
[62.715s] [35m[1mScanning dependencies of target test_navsat_transform[0m
[62.715s] [35m[1mScanning dependencies of target ekf_node[0m
[62.715s] [35m[1mScanning dependencies of target test_ros_robot_localization_listener_publisher[0m
[62.716s] [35m[1mScanning dependencies of target test_ekf[0m
[62.716s] [35m[1mScanning dependencies of target navsat_transform_node[0m
[62.716s] [35m[1mScanning dependencies of target test_ukf[0m
[62.717s] [35m[1mScanning dependencies of target test_robot_localization_estimator[0m
[62.717s] [35m[1mScanning dependencies of target robot_localization_listener_node[0m
[62.747s] [ 74%] [32mBuilding CXX object CMakeFiles/test_navsat_conversions.dir/test/test_navsat_conversions.cpp.o[0m
[62.825s] [ 75%] [32mBuilding CXX object CMakeFiles/test_navsat_transform.dir/test/test_navsat_transform.cpp.o[0m
[62.831s] [ 75%] [32mBuilding CXX object CMakeFiles/test_ros_robot_localization_listener_publisher.dir/test/test_ros_robot_localization_listener_publisher.cpp.o[0m
[62.835s] [ 77%] [32mBuilding CXX object CMakeFiles/test_robot_localization_estimator.dir/test/test_robot_localization_estimator.cpp.o[0m
[62.835s] [ 77%] [32mBuilding CXX object CMakeFiles/filter_base-test.dir/test/test_filter_base.cpp.o[0m
[62.845s] [ 78%] [32mBuilding CXX object CMakeFiles/test_ros_robot_localization_listener.dir/test/test_ros_robot_localization_listener.cpp.o[0m
[62.858s] [ 79%] [32mBuilding CXX object CMakeFiles/navsat_transform_node.dir/src/navsat_transform_node.cpp.o[0m
[62.866s] [ 81%] [32mBuilding CXX object CMakeFiles/ukf_node.dir/src/ukf_node.cpp.o[0m
[62.867s] [ 81%] [32mBuilding CXX object CMakeFiles/test_ukf.dir/test/test_ukf.cpp.o[0m
[62.867s] [ 82%] [32mBuilding CXX object CMakeFiles/test_ekf.dir/test/test_ekf.cpp.o[0m
[62.873s] [ 83%] [32mBuilding CXX object CMakeFiles/robot_localization_listener_node.dir/src/robot_localization_listener_node.cpp.o[0m
[62.876s] [ 83%] [32mBuilding CXX object CMakeFiles/ekf_node.dir/src/ekf_node.cpp.o[0m
[64.404s] [ 84%] [32m[1mLinking CXX executable test_navsat_conversions[0m
[64.934s] [ 84%] Built target test_navsat_conversions
[67.032s] [ 85%] [32m[1mLinking CXX executable filter_base-test[0m
[67.548s] [ 85%] Built target filter_base-test
[68.020s] [ 86%] [32m[1mLinking CXX executable navsat_transform_node[0m
[68.442s] [ 86%] Built target navsat_transform_node
[69.539s] [ 87%] [32m[1mLinking CXX executable test_navsat_transform[0m
[69.931s] [ 88%] [32m[1mLinking CXX executable test_robot_localization_estimator[0m
[69.967s] [ 88%] Built target test_navsat_transform
[70.289s] [ 88%] Built target test_robot_localization_estimator
[70.301s] [ 89%] [32m[1mLinking CXX executable ukf_node[0m
[70.406s] [ 90%] [32m[1mLinking CXX executable ekf_node[0m
[70.636s] [ 90%] Built target ukf_node
[70.654s] [ 90%] Built target ekf_node
[70.656s] [35m[1mScanning dependencies of target test_ukf_localization_node_interfaces[0m
[70.671s] [35m[1mScanning dependencies of target test_filter_base_diagnostics_timestamps[0m
[70.673s] [35m[1mScanning dependencies of target test_ekf_localization_node_interfaces[0m
[70.721s] [ 91%] [32mBuilding CXX object CMakeFiles/test_ukf_localization_node_interfaces.dir/test/test_ukf_localization_node_interfaces.cpp.o[0m
[70.760s] [ 92%] [32mBuilding CXX object CMakeFiles/test_ekf_localization_node_interfaces.dir/test/test_ekf_localization_node_interfaces.cpp.o[0m
[70.766s] [ 93%] [32mBuilding CXX object CMakeFiles/test_filter_base_diagnostics_timestamps.dir/test/test_filter_base_diagnostics_timestamps.cpp.o[0m
[70.840s] [ 93%] [32m[1mLinking CXX executable robot_localization_listener_node[0m
[70.932s] [ 94%] [32m[1mLinking CXX executable test_ros_robot_localization_listener[0m
[71.202s] [ 94%] Built target robot_localization_listener_node
[71.357s] [ 94%] Built target test_ros_robot_localization_listener
[71.925s] [ 95%] [32m[1mLinking CXX executable test_ekf[0m
[72.295s] [ 96%] [32m[1mLinking CXX executable test_ukf[0m
[72.306s] [ 96%] Built target test_ekf
[72.548s] [ 97%] [32m[1mLinking CXX executable test_ros_robot_localization_listener_publisher[0m
[72.624s] [ 97%] Built target test_ukf
[72.755s] [ 97%] Built target test_ros_robot_localization_listener_publisher
[85.890s] [ 98%] [32m[1mLinking CXX executable test_filter_base_diagnostics_timestamps[0m
[86.226s] [ 98%] Built target test_filter_base_diagnostics_timestamps
[88.081s] [ 99%] [32m[1mLinking CXX executable test_ekf_localization_node_interfaces[0m
[88.113s] [100%] [32m[1mLinking CXX executable test_ukf_localization_node_interfaces[0m
[88.425s] [100%] Built target test_ekf_localization_node_interfaces
[88.464s] [100%] Built target test_ukf_localization_node_interfaces
[88.507s] Invoked command in '/robofuzz/robot_localization_ws/build/robot_localization' returned '0': CMAKE_PREFIX_PATH=${CMAKE_PREFIX_PATH}:/robofuzz/targets/turtlebot3_ws/install/turtlebot3_teleop:/robofuzz/targets/turtlebot3_ws/install/turtlebot3_example:/opt/ros/foxy /usr/bin/cmake --build /robofuzz/robot_localization_ws/build/robot_localization -- -j12 -l12
[88.831s] Invoking command in '/robofuzz/robot_localization_ws/build/robot_localization': CMAKE_PREFIX_PATH=${CMAKE_PREFIX_PATH}:/robofuzz/targets/turtlebot3_ws/install/turtlebot3_teleop:/robofuzz/targets/turtlebot3_ws/install/turtlebot3_example:/opt/ros/foxy /usr/bin/cmake --install /robofuzz/robot_localization_ws/build/robot_localization
[88.842s] -- Install configuration: "RelWithDebInfo"
[88.842s] -- Installing: /robofuzz/robot_localization_ws/install/share/ament_index/resource_index/rosidl_interfaces/robot_localization
[88.843s] -- Installing: /robofuzz/robot_localization_ws/install/include/robot_localization
[88.843s] -- Installing: /robofuzz/robot_localization_ws/install/include/robot_localization/msg
[88.843s] -- Installing: /robofuzz/robot_localization_ws/install/include/robot_localization/msg/rosidl_generator_c__visibility_control.h
[88.843s] -- Installing: /robofuzz/robot_localization_ws/install/include/robot_localization/srv
[88.843s] -- Installing: /robofuzz/robot_localization_ws/install/include/robot_localization/srv/get_state.h
[88.843s] -- Installing: /robofuzz/robot_localization_ws/install/include/robot_localization/srv/set_pose.h
[88.844s] -- Installing: /robofuzz/robot_localization_ws/install/include/robot_localization/srv/set_datum.h
[88.844s] -- Installing: /robofuzz/robot_localization_ws/install/include/robot_localization/srv/detail
[88.844s] -- Installing: /robofuzz/robot_localization_ws/install/include/robot_localization/srv/detail/set_datum__type_support.h
[88.844s] -- Installing: /robofuzz/robot_localization_ws/install/include/robot_localization/srv/detail/set_datum__functions.h
[88.844s] -- Installing: /robofuzz/robot_localization_ws/install/include/robot_localization/srv/detail/set_pose__functions.c
[88.845s] -- Installing: /robofuzz/robot_localization_ws/install/include/robot_localization/srv/detail/from_ll__struct.h
[88.845s] -- Installing: /robofuzz/robot_localization_ws/install/include/robot_localization/srv/detail/toggle_filter_processing__functions.c
[88.845s] -- Installing: /robofuzz/robot_localization_ws/install/include/robot_localization/srv/detail/to_ll__type_support.h
[88.845s] -- Installing: /robofuzz/robot_localization_ws/install/include/robot_localization/srv/detail/toggle_filter_processing__struct.h
[88.845s] -- Installing: /robofuzz/robot_localization_ws/install/include/robot_localization/srv/detail/get_state__functions.c
[88.846s] -- Installing: /robofuzz/robot_localization_ws/install/include/robot_localization/srv/detail/toggle_filter_processing__functions.h
[88.846s] -- Installing: /robofuzz/robot_localization_ws/install/include/robot_localization/srv/detail/get_state__type_support.h
[88.846s] -- Installing: /robofuzz/robot_localization_ws/install/include/robot_localization/srv/detail/from_ll__functions.c
[88.846s] -- Installing: /robofuzz/robot_localization_ws/install/include/robot_localization/srv/detail/set_pose__functions.h
[88.846s] -- Installing: /robofuzz/robot_localization_ws/install/include/robot_localization/srv/detail/set_datum__struct.h
[88.847s] -- Installing: /robofuzz/robot_localization_ws/install/include/robot_localization/srv/detail/to_ll__functions.c
[88.847s] -- Installing: /robofuzz/robot_localization_ws/install/include/robot_localization/srv/detail/get_state__struct.h
[88.847s] -- Installing: /robofuzz/robot_localization_ws/install/include/robot_localization/srv/detail/toggle_filter_processing__type_support.h
[88.847s] -- Installing: /robofuzz/robot_localization_ws/install/include/robot_localization/srv/detail/get_state__functions.h
[88.848s] -- Installing: /robofuzz/robot_localization_ws/install/include/robot_localization/srv/detail/set_datum__functions.c
[88.848s] -- Installing: /robofuzz/robot_localization_ws/install/include/robot_localization/srv/detail/set_pose__type_support.h
[88.848s] -- Installing: /robofuzz/robot_localization_ws/install/include/robot_localization/srv/detail/to_ll__functions.h
[88.848s] -- Installing: /robofuzz/robot_localization_ws/install/include/robot_localization/srv/detail/from_ll__type_support.h
[88.848s] -- Installing: /robofuzz/robot_localization_ws/install/include/robot_localization/srv/detail/set_pose__struct.h
[88.849s] -- Installing: /robofuzz/robot_localization_ws/install/include/robot_localization/srv/detail/from_ll__functions.h
[88.849s] -- Installing: /robofuzz/robot_localization_ws/install/include/robot_localization/srv/detail/to_ll__struct.h
[88.849s] -- Installing: /robofuzz/robot_localization_ws/install/include/robot_localization/srv/from_ll.h
[88.849s] -- Installing: /robofuzz/robot_localization_ws/install/include/robot_localization/srv/toggle_filter_processing.h
[88.849s] -- Installing: /robofuzz/robot_localization_ws/install/include/robot_localization/srv/to_ll.h
[88.850s] -- Installing: /robofuzz/robot_localization_ws/install/share/robot_localization/environment/library_path.sh
[88.850s] -- Installing: /robofuzz/robot_localization_ws/install/share/robot_localization/environment/library_path.dsv
[88.850s] -- Installing: /robofuzz/robot_localization_ws/install/lib/librobot_localization__rosidl_generator_c.so
[88.851s] -- Set runtime path of "/robofuzz/robot_localization_ws/install/lib/librobot_localization__rosidl_generator_c.so" to ""
[88.851s] -- Up-to-date: /robofuzz/robot_localization_ws/install/include/robot_localization
[88.851s] -- Up-to-date: /robofuzz/robot_localization_ws/install/include/robot_localization/msg
[88.851s] -- Installing: /robofuzz/robot_localization_ws/install/include/robot_localization/msg/rosidl_typesupport_fastrtps_c__visibility_control.h
[88.851s] -- Up-to-date: /robofuzz/robot_localization_ws/install/include/robot_localization/srv
[88.852s] -- Up-to-date: /robofuzz/robot_localization_ws/install/include/robot_localization/srv/detail
[88.852s] -- Installing: /robofuzz/robot_localization_ws/install/include/robot_localization/srv/detail/set_datum__rosidl_typesupport_fastrtps_c.h
[88.852s] -- Installing: /robofuzz/robot_localization_ws/install/include/robot_localization/srv/detail/toggle_filter_processing__rosidl_typesupport_fastrtps_c.h
[88.852s] -- Installing: /robofuzz/robot_localization_ws/install/include/robot_localization/srv/detail/set_pose__rosidl_typesupport_fastrtps_c.h
[88.852s] -- Installing: /robofuzz/robot_localization_ws/install/include/robot_localization/srv/detail/from_ll__rosidl_typesupport_fastrtps_c.h
[88.852s] -- Installing: /robofuzz/robot_localization_ws/install/include/robot_localization/srv/detail/to_ll__rosidl_typesupport_fastrtps_c.h
[88.853s] -- Installing: /robofuzz/robot_localization_ws/install/include/robot_localization/srv/detail/get_state__rosidl_typesupport_fastrtps_c.h
[88.853s] -- Installing: /robofuzz/robot_localization_ws/install/lib/librobot_localization__rosidl_typesupport_fastrtps_c.so
[88.854s] -- Set runtime path of "/robofuzz/robot_localization_ws/install/lib/librobot_localization__rosidl_typesupport_fastrtps_c.so" to ""
[88.854s] -- Up-to-date: /robofuzz/robot_localization_ws/install/include/robot_localization
[88.854s] -- Up-to-date: /robofuzz/robot_localization_ws/install/include/robot_localization/msg
[88.854s] -- Installing: /robofuzz/robot_localization_ws/install/include/robot_localization/msg/rosidl_typesupport_fastrtps_cpp__visibility_control.h
[88.854s] -- Up-to-date: /robofuzz/robot_localization_ws/install/include/robot_localization/srv
[88.854s] -- Up-to-date: /robofuzz/robot_localization_ws/install/include/robot_localization/srv/detail
[88.855s] -- Installing: /robofuzz/robot_localization_ws/install/include/robot_localization/srv/detail/from_ll__rosidl_typesupport_fastrtps_cpp.hpp
[88.855s] -- Installing: /robofuzz/robot_localization_ws/install/include/robot_localization/srv/detail/toggle_filter_processing__rosidl_typesupport_fastrtps_cpp.hpp
[88.855s] -- Installing: /robofuzz/robot_localization_ws/install/include/robot_localization/srv/detail/dds_fastrtps
[88.855s] -- Installing: /robofuzz/robot_localization_ws/install/include/robot_localization/srv/detail/set_pose__rosidl_typesupport_fastrtps_cpp.hpp
[88.855s] -- Installing: /robofuzz/robot_localization_ws/install/include/robot_localization/srv/detail/set_datum__rosidl_typesupport_fastrtps_cpp.hpp
[88.855s] -- Installing: /robofuzz/robot_localization_ws/install/include/robot_localization/srv/detail/get_state__rosidl_typesupport_fastrtps_cpp.hpp
[88.856s] -- Installing: /robofuzz/robot_localization_ws/install/include/robot_localization/srv/detail/to_ll__rosidl_typesupport_fastrtps_cpp.hpp
[88.856s] -- Installing: /robofuzz/robot_localization_ws/install/lib/librobot_localization__rosidl_typesupport_fastrtps_cpp.so
[88.857s] -- Set runtime path of "/robofuzz/robot_localization_ws/install/lib/librobot_localization__rosidl_typesupport_fastrtps_cpp.so" to ""
[88.857s] -- Up-to-date: /robofuzz/robot_localization_ws/install/include/robot_localization
[88.857s] -- Up-to-date: /robofuzz/robot_localization_ws/install/include/robot_localization/msg
[88.857s] -- Installing: /robofuzz/robot_localization_ws/install/include/robot_localization/msg/rosidl_typesupport_introspection_c__visibility_control.h
[88.857s] -- Up-to-date: /robofuzz/robot_localization_ws/install/include/robot_localization/srv
[88.858s] -- Up-to-date: /robofuzz/robot_localization_ws/install/include/robot_localization/srv/detail
[88.858s] -- Installing: /robofuzz/robot_localization_ws/install/include/robot_localization/srv/detail/get_state__type_support.c
[88.858s] -- Installing: /robofuzz/robot_localization_ws/install/include/robot_localization/srv/detail/to_ll__type_support.c
[88.858s] -- Installing: /robofuzz/robot_localization_ws/install/include/robot_localization/srv/detail/toggle_filter_processing__type_support.c
[88.858s] -- Installing: /robofuzz/robot_localization_ws/install/include/robot_localization/srv/detail/set_datum__type_support.c
[88.858s] -- Installing: /robofuzz/robot_localization_ws/install/include/robot_localization/srv/detail/to_ll__rosidl_typesupport_introspection_c.h
[88.859s] -- Installing: /robofuzz/robot_localization_ws/install/include/robot_localization/srv/detail/toggle_filter_processing__rosidl_typesupport_introspection_c.h
[88.859s] -- Installing: /robofuzz/robot_localization_ws/install/include/robot_localization/srv/detail/set_pose__type_support.c
[88.859s] -- Installing: /robofuzz/robot_localization_ws/install/include/robot_localization/srv/detail/from_ll__rosidl_typesupport_introspection_c.h
[88.859s] -- Installing: /robofuzz/robot_localization_ws/install/include/robot_localization/srv/detail/from_ll__type_support.c
[88.859s] -- Installing: /robofuzz/robot_localization_ws/install/include/robot_localization/srv/detail/get_state__rosidl_typesupport_introspection_c.h
[88.860s] -- Installing: /robofuzz/robot_localization_ws/install/include/robot_localization/srv/detail/set_datum__rosidl_typesupport_introspection_c.h
[88.860s] -- Installing: /robofuzz/robot_localization_ws/install/include/robot_localization/srv/detail/set_pose__rosidl_typesupport_introspection_c.h
[88.860s] -- Installing: /robofuzz/robot_localization_ws/install/lib/librobot_localization__rosidl_typesupport_introspection_c.so
[88.861s] -- Set runtime path of "/robofuzz/robot_localization_ws/install/lib/librobot_localization__rosidl_typesupport_introspection_c.so" to ""
[88.861s] -- Installing: /robofuzz/robot_localization_ws/install/lib/librobot_localization__rosidl_typesupport_c.so
[88.862s] -- Set runtime path of "/robofuzz/robot_localization_ws/install/lib/librobot_localization__rosidl_typesupport_c.so" to ""
[88.862s] -- Up-to-date: /robofuzz/robot_localization_ws/install/include/robot_localization
[88.862s] -- Up-to-date: /robofuzz/robot_localization_ws/install/include/robot_localization/srv
[88.862s] -- Installing: /robofuzz/robot_localization_ws/install/include/robot_localization/srv/set_pose.hpp
[88.862s] -- Installing: /robofuzz/robot_localization_ws/install/include/robot_localization/srv/set_datum.hpp
[88.862s] -- Installing: /robofuzz/robot_localization_ws/install/include/robot_localization/srv/to_ll.hpp
[88.862s] -- Installing: /robofuzz/robot_localization_ws/install/include/robot_localization/srv/toggle_filter_processing.hpp
[88.863s] -- Up-to-date: /robofuzz/robot_localization_ws/install/include/robot_localization/srv/detail
[88.863s] -- Installing: /robofuzz/robot_localization_ws/install/include/robot_localization/srv/detail/from_ll__builder.hpp
[88.863s] -- Installing: /robofuzz/robot_localization_ws/install/include/robot_localization/srv/detail/set_datum__struct.hpp
[88.863s] -- Installing: /robofuzz/robot_localization_ws/install/include/robot_localization/srv/detail/get_state__struct.hpp
[88.863s] -- Installing: /robofuzz/robot_localization_ws/install/include/robot_localization/srv/detail/to_ll__struct.hpp
[88.863s] -- Installing: /robofuzz/robot_localization_ws/install/include/robot_localization/srv/detail/get_state__builder.hpp
[88.864s] -- Installing: /robofuzz/robot_localization_ws/install/include/robot_localization/srv/detail/toggle_filter_processing__traits.hpp
[88.864s] -- Installing: /robofuzz/robot_localization_ws/install/include/robot_localization/srv/detail/set_pose__struct.hpp
[88.864s] -- Installing: /robofuzz/robot_localization_ws/install/include/robot_localization/srv/detail/to_ll__traits.hpp
[88.864s] -- Installing: /robofuzz/robot_localization_ws/install/include/robot_localization/srv/detail/set_pose__builder.hpp
[88.865s] -- Installing: /robofuzz/robot_localization_ws/install/include/robot_localization/srv/detail/set_datum__traits.hpp
[88.865s] -- Installing: /robofuzz/robot_localization_ws/install/include/robot_localization/srv/detail/toggle_filter_processing__builder.hpp
[88.865s] -- Installing: /robofuzz/robot_localization_ws/install/include/robot_localization/srv/detail/to_ll__builder.hpp
[88.865s] -- Installing: /robofuzz/robot_localization_ws/install/include/robot_localization/srv/detail/set_pose__traits.hpp
[88.865s] -- Installing: /robofuzz/robot_localization_ws/install/include/robot_localization/srv/detail/set_datum__builder.hpp
[88.866s] -- Installing: /robofuzz/robot_localization_ws/install/include/robot_localization/srv/detail/toggle_filter_processing__struct.hpp
[88.866s] -- Installing: /robofuzz/robot_localization_ws/install/include/robot_localization/srv/detail/from_ll__traits.hpp
[88.866s] -- Installing: /robofuzz/robot_localization_ws/install/include/robot_localization/srv/detail/from_ll__struct.hpp
[88.866s] -- Installing: /robofuzz/robot_localization_ws/install/include/robot_localization/srv/detail/get_state__traits.hpp
[88.866s] -- Installing: /robofuzz/robot_localization_ws/install/include/robot_localization/srv/from_ll.hpp
[88.867s] -- Installing: /robofuzz/robot_localization_ws/install/include/robot_localization/srv/get_state.hpp
[88.867s] -- Up-to-date: /robofuzz/robot_localization_ws/install/include/robot_localization
[88.867s] -- Up-to-date: /robofuzz/robot_localization_ws/install/include/robot_localization/srv
[88.867s] -- Up-to-date: /robofuzz/robot_localization_ws/install/include/robot_localization/srv/detail
[88.867s] -- Installing: /robofuzz/robot_localization_ws/install/include/robot_localization/srv/detail/to_ll__type_support.cpp
[88.867s] -- Installing: /robofuzz/robot_localization_ws/install/include/robot_localization/srv/detail/get_state__type_support.cpp
[88.867s] -- Installing: /robofuzz/robot_localization_ws/install/include/robot_localization/srv/detail/get_state__rosidl_typesupport_introspection_cpp.hpp
[88.868s] -- Installing: /robofuzz/robot_localization_ws/install/include/robot_localization/srv/detail/set_pose__rosidl_typesupport_introspection_cpp.hpp
[88.868s] -- Installing: /robofuzz/robot_localization_ws/install/include/robot_localization/srv/detail/set_pose__type_support.cpp
[88.868s] -- Installing: /robofuzz/robot_localization_ws/install/include/robot_localization/srv/detail/to_ll__rosidl_typesupport_introspection_cpp.hpp
[88.868s] -- Installing: /robofuzz/robot_localization_ws/install/include/robot_localization/srv/detail/from_ll__type_support.cpp
[88.869s] -- Installing: /robofuzz/robot_localization_ws/install/include/robot_localization/srv/detail/toggle_filter_processing__rosidl_typesupport_introspection_cpp.hpp
[88.869s] -- Installing: /robofuzz/robot_localization_ws/install/include/robot_localization/srv/detail/from_ll__rosidl_typesupport_introspection_cpp.hpp
[88.869s] -- Installing: /robofuzz/robot_localization_ws/install/include/robot_localization/srv/detail/set_datum__rosidl_typesupport_introspection_cpp.hpp
[88.869s] -- Installing: /robofuzz/robot_localization_ws/install/include/robot_localization/srv/detail/set_datum__type_support.cpp
[88.870s] -- Installing: /robofuzz/robot_localization_ws/install/include/robot_localization/srv/detail/toggle_filter_processing__type_support.cpp
[88.870s] -- Installing: /robofuzz/robot_localization_ws/install/lib/librobot_localization__rosidl_typesupport_introspection_cpp.so
[88.871s] -- Set runtime path of "/robofuzz/robot_localization_ws/install/lib/librobot_localization__rosidl_typesupport_introspection_cpp.so" to ""
[88.871s] -- Installing: /robofuzz/robot_localization_ws/install/lib/librobot_localization__rosidl_typesupport_cpp.so
[88.872s] -- Set runtime path of "/robofuzz/robot_localization_ws/install/lib/librobot_localization__rosidl_typesupport_cpp.so" to ""
[88.872s] -- Installing: /robofuzz/robot_localization_ws/install/share/robot_localization/environment/pythonpath.sh
[88.872s] -- Installing: /robofuzz/robot_localization_ws/install/share/robot_localization/environment/pythonpath.dsv
[88.872s] -- Installing: /robofuzz/robot_localization_ws/install/lib/python3.8/site-packages/robot_localization/__init__.py
[88.925s] Compiling '/robofuzz/robot_localization_ws/install/lib/python3.8/site-packages/robot_localization/__init__.py'...
[88.928s] -- Installing: /robofuzz/robot_localization_ws/install/lib/python3.8/site-packages/robot_localization/srv
[88.929s] -- Installing: /robofuzz/robot_localization_ws/install/lib/python3.8/site-packages/robot_localization/srv/_set_pose_s.c
[88.929s] -- Installing: /robofuzz/robot_localization_ws/install/lib/python3.8/site-packages/robot_localization/srv/_set_datum_s.c
[88.929s] -- Installing: /robofuzz/robot_localization_ws/install/lib/python3.8/site-packages/robot_localization/srv/__init__.py
[88.929s] -- Installing: /robofuzz/robot_localization_ws/install/lib/python3.8/site-packages/robot_localization/srv/_get_state.py
[88.929s] -- Installing: /robofuzz/robot_localization_ws/install/lib/python3.8/site-packages/robot_localization/srv/_toggle_filter_processing.py
[88.930s] -- Installing: /robofuzz/robot_localization_ws/install/lib/python3.8/site-packages/robot_localization/srv/_toggle_filter_processing_s.c
[88.930s] -- Installing: /robofuzz/robot_localization_ws/install/lib/python3.8/site-packages/robot_localization/srv/_set_datum.py
[88.930s] -- Installing: /robofuzz/robot_localization_ws/install/lib/python3.8/site-packages/robot_localization/srv/_to_ll.py
[88.930s] -- Installing: /robofuzz/robot_localization_ws/install/lib/python3.8/site-packages/robot_localization/srv/_get_state_s.c
[88.931s] -- Installing: /robofuzz/robot_localization_ws/install/lib/python3.8/site-packages/robot_localization/srv/_to_ll_s.c
[88.931s] -- Installing: /robofuzz/robot_localization_ws/install/lib/python3.8/site-packages/robot_localization/srv/_from_ll.py
[88.931s] -- Installing: /robofuzz/robot_localization_ws/install/lib/python3.8/site-packages/robot_localization/srv/_from_ll_s.c
[88.932s] -- Installing: /robofuzz/robot_localization_ws/install/lib/python3.8/site-packages/robot_localization/srv/_set_pose.py
[88.932s] -- Installing: /robofuzz/robot_localization_ws/install/lib/python3.8/site-packages/robot_localization/robot_localization_s__rosidl_typesupport_fastrtps_c.cpython-38-x86_64-linux-gnu.so
[88.933s] -- Set runtime path of "/robofuzz/robot_localization_ws/install/lib/python3.8/site-packages/robot_localization/robot_localization_s__rosidl_typesupport_fastrtps_c.cpython-38-x86_64-linux-gnu.so" to ""
[88.933s] -- Installing: /robofuzz/robot_localization_ws/install/lib/python3.8/site-packages/robot_localization/robot_localization_s__rosidl_typesupport_introspection_c.cpython-38-x86_64-linux-gnu.so
[88.934s] -- Set runtime path of "/robofuzz/robot_localization_ws/install/lib/python3.8/site-packages/robot_localization/robot_localization_s__rosidl_typesupport_introspection_c.cpython-38-x86_64-linux-gnu.so" to ""
[88.934s] -- Installing: /robofuzz/robot_localization_ws/install/lib/python3.8/site-packages/robot_localization/robot_localization_s__rosidl_typesupport_c.cpython-38-x86_64-linux-gnu.so
[88.935s] -- Set runtime path of "/robofuzz/robot_localization_ws/install/lib/python3.8/site-packages/robot_localization/robot_localization_s__rosidl_typesupport_c.cpython-38-x86_64-linux-gnu.so" to ""
[88.935s] -- Installing: /robofuzz/robot_localization_ws/install/lib/librobot_localization__python.so
[88.936s] -- Set runtime path of "/robofuzz/robot_localization_ws/install/lib/librobot_localization__python.so" to ""
[88.936s] -- Installing: /robofuzz/robot_localization_ws/install/share/robot_localization/srv/FromLL.idl
[88.936s] -- Installing: /robofuzz/robot_localization_ws/install/share/robot_localization/srv/GetState.idl
[88.936s] -- Installing: /robofuzz/robot_localization_ws/install/share/robot_localization/srv/SetDatum.idl
[88.937s] -- Installing: /robofuzz/robot_localization_ws/install/share/robot_localization/srv/SetPose.idl
[88.937s] -- Installing: /robofuzz/robot_localization_ws/install/share/robot_localization/srv/ToggleFilterProcessing.idl
[88.937s] -- Installing: /robofuzz/robot_localization_ws/install/share/robot_localization/srv/ToLL.idl
[88.937s] -- Installing: /robofuzz/robot_localization_ws/install/share/robot_localization/srv/FromLL.srv
[88.938s] -- Installing: /robofuzz/robot_localization_ws/install/share/robot_localization/srv/FromLL_Request.msg
[88.938s] -- Installing: /robofuzz/robot_localization_ws/install/share/robot_localization/srv/FromLL_Response.msg
[88.938s] -- Installing: /robofuzz/robot_localization_ws/install/share/robot_localization/srv/GetState.srv
[88.938s] -- Installing: /robofuzz/robot_localization_ws/install/share/robot_localization/srv/GetState_Request.msg
[88.939s] -- Installing: /robofuzz/robot_localization_ws/install/share/robot_localization/srv/GetState_Response.msg
[88.939s] -- Installing: /robofuzz/robot_localization_ws/install/share/robot_localization/srv/SetDatum.srv
[88.939s] -- Installing: /robofuzz/robot_localization_ws/install/share/robot_localization/srv/SetDatum_Request.msg
[88.939s] -- Installing: /robofuzz/robot_localization_ws/install/share/robot_localization/srv/SetDatum_Response.msg
[88.940s] -- Installing: /robofuzz/robot_localization_ws/install/share/robot_localization/srv/SetPose.srv
[88.940s] -- Installing: /robofuzz/robot_localization_ws/install/share/robot_localization/srv/SetPose_Request.msg
[88.940s] -- Installing: /robofuzz/robot_localization_ws/install/share/robot_localization/srv/SetPose_Response.msg
[88.940s] -- Installing: /robofuzz/robot_localization_ws/install/share/robot_localization/srv/ToggleFilterProcessing.srv
[88.941s] -- Installing: /robofuzz/robot_localization_ws/install/share/robot_localization/srv/ToggleFilterProcessing_Request.msg
[88.941s] -- Installing: /robofuzz/robot_localization_ws/install/share/robot_localization/srv/ToggleFilterProcessing_Response.msg
[88.941s] -- Installing: /robofuzz/robot_localization_ws/install/share/robot_localization/srv/ToLL.srv
[88.942s] -- Installing: /robofuzz/robot_localization_ws/install/share/robot_localization/srv/ToLL_Request.msg
[88.942s] -- Installing: /robofuzz/robot_localization_ws/install/share/robot_localization/srv/ToLL_Response.msg
[88.942s] -- Installing: /robofuzz/robot_localization_ws/install/lib/robot_localization/filter_base-test
[88.952s] -- Set runtime path of "/robofuzz/robot_localization_ws/install/lib/robot_localization/filter_base-test" to ""
[88.952s] -- Installing: /robofuzz/robot_localization_ws/install/lib/robot_localization/test_filter_base_diagnostics_timestamps
[88.972s] -- Set runtime path of "/robofuzz/robot_localization_ws/install/lib/robot_localization/test_filter_base_diagnostics_timestamps" to ""
[88.972s] -- Installing: /robofuzz/robot_localization_ws/install/lib/robot_localization/test_ekf
[88.983s] -- Set runtime path of "/robofuzz/robot_localization_ws/install/lib/robot_localization/test_ekf" to ""
[88.983s] -- Installing: /robofuzz/robot_localization_ws/install/lib/robot_localization/test_ekf_localization_node_interfaces
[89.005s] -- Set runtime path of "/robofuzz/robot_localization_ws/install/lib/robot_localization/test_ekf_localization_node_interfaces" to ""
[89.005s] -- Installing: /robofuzz/robot_localization_ws/install/lib/robot_localization/test_ukf
[89.017s] -- Set runtime path of "/robofuzz/robot_localization_ws/install/lib/robot_localization/test_ukf" to ""
[89.017s] -- Installing: /robofuzz/robot_localization_ws/install/lib/robot_localization/test_ukf_localization_node_interfaces
[89.039s] -- Set runtime path of "/robofuzz/robot_localization_ws/install/lib/robot_localization/test_ukf_localization_node_interfaces" to ""
[89.039s] -- Installing: /robofuzz/robot_localization_ws/install/lib/robot_localization/test_robot_localization_estimator
[89.050s] -- Set runtime path of "/robofuzz/robot_localization_ws/install/lib/robot_localization/test_robot_localization_estimator" to ""
[89.050s] -- Installing: /robofuzz/robot_localization_ws/install/lib/robot_localization/test_navsat_conversions
[89.057s] -- Set runtime path of "/robofuzz/robot_localization_ws/install/lib/robot_localization/test_navsat_conversions" to ""
[89.058s] -- Installing: /robofuzz/robot_localization_ws/install/lib/robot_localization/test_navsat_transform
[89.067s] -- Set runtime path of "/robofuzz/robot_localization_ws/install/lib/robot_localization/test_navsat_transform" to ""
[89.068s] -- Installing: /robofuzz/robot_localization_ws/install/lib/robot_localization/test_ros_robot_localization_listener
[89.078s] -- Set runtime path of "/robofuzz/robot_localization_ws/install/lib/robot_localization/test_ros_robot_localization_listener" to ""
[89.078s] -- Installing: /robofuzz/robot_localization_ws/install/lib/robot_localization/test_ros_robot_localization_listener_publisher
[89.084s] -- Set runtime path of "/robofuzz/robot_localization_ws/install/lib/robot_localization/test_ros_robot_localization_listener_publisher" to ""
[89.084s] -- Installing: /robofuzz/robot_localization_ws/install/share/robot_localization/test
[89.084s] -- Installing: /robofuzz/robot_localization_ws/install/share/robot_localization/test/test_ekf_localization_node_bag2.yaml
[89.084s] -- Installing: /robofuzz/robot_localization_ws/install/share/robot_localization/test/test_ekf_localization_node_interfaces.cpp
[89.084s] -- Installing: /robofuzz/robot_localization_ws/install/share/robot_localization/test/test_ekf_localization_node_interfaces.yaml
[89.085s] -- Installing: /robofuzz/robot_localization_ws/install/share/robot_localization/test/test_navsat_transform.cpp
[89.085s] -- Installing: /robofuzz/robot_localization_ws/install/share/robot_localization/test/test_ros_robot_localization_listener.cpp
[89.085s] -- Installing: /robofuzz/robot_localization_ws/install/share/robot_localization/test/test_ukf_localization_node_interfaces.launch.py
[89.085s] -- Installing: /robofuzz/robot_localization_ws/install/share/robot_localization/test/test_ukf_localization_node_bag2.sh
[89.086s] -- Installing: /robofuzz/robot_localization_ws/install/share/robot_localization/test/test_ekf_localization_node_bag2.launch.py
[89.086s] -- Installing: /robofuzz/robot_localization_ws/install/share/robot_localization/test/test_ukf_localization_node_interfaces.yaml
[89.087s] -- Installing: /robofuzz/robot_localization_ws/install/share/robot_localization/test/test_localization_node_bag_pose_tester.cpp
[89.087s] -- Installing: /robofuzz/robot_localization_ws/install/share/robot_localization/test/test_ekf_localization_node_bag1.yaml
[89.087s] -- Installing: /robofuzz/robot_localization_ws/install/share/robot_localization/test/test_filter_base_diagnostics_timestamps.yaml
[89.088s] -- Installing: /robofuzz/robot_localization_ws/install/share/robot_localization/test/test_ukf_localization_node_bag1.launch.py
[89.088s] -- Installing: /robofuzz/robot_localization_ws/install/share/robot_localization/test/test_filter_base.cpp
[89.088s] -- Installing: /robofuzz/robot_localization_ws/install/share/robot_localization/test/test_ekf.cpp
[89.088s] -- Installing: /robofuzz/robot_localization_ws/install/share/robot_localization/test/test_ukf_localization_node_bag1.yaml
[89.089s] -- Installing: /robofuzz/robot_localization_ws/install/share/robot_localization/test/test_ukf.cpp
[89.089s] -- Installing: /robofuzz/robot_localization_ws/install/share/robot_localization/test/test_filter_base_diagnostics_timestamps.cpp
[89.089s] -- Installing: /robofuzz/robot_localization_ws/install/share/robot_localization/test/test_ekf_localization_node_bag3.sh
[89.089s] -- Installing: /robofuzz/robot_localization_ws/install/share/robot_localization/test/test_ukf_localization_node_bag2.launch.py
[89.090s] -- Installing: /robofuzz/robot_localization_ws/install/share/robot_localization/test/test3.bag
[89.127s] -- Installing: /robofuzz/robot_localization_ws/install/share/robot_localization/test/test_ekf_localization_node_bag3.launch.py
[89.127s] -- Installing: /robofuzz/robot_localization_ws/install/share/robot_localization/test/test_ukf_localization_node_bag2.yaml
[89.127s] -- Installing: /robofuzz/robot_localization_ws/install/share/robot_localization/test/test_robot_localization_estimator.launch.py
[89.128s] -- Installing: /robofuzz/robot_localization_ws/install/share/robot_localization/test/test_robot_localization_estimator.cpp
[89.128s] -- Installing: /robofuzz/robot_localization_ws/install/share/robot_localization/test/test_ros_robot_localization_listener.yaml
[89.128s] -- Installing: /robofuzz/robot_localization_ws/install/share/robot_localization/test/test_ekf_localization_node_bag1.launch.py
[89.128s] -- Installing: /robofuzz/robot_localization_ws/install/share/robot_localization/test/test_ros_robot_localization_listener.launch.py
[89.129s] -- Installing: /robofuzz/robot_localization_ws/install/share/robot_localization/test/test_ekf_localization_node_bag1.sh
[89.129s] -- Installing: /robofuzz/robot_localization_ws/install/share/robot_localization/test/test2.bag
[89.131s] -- Installing: /robofuzz/robot_localization_ws/install/share/robot_localization/test/test_ukf_localization_node_bag3.launch.py
[89.131s] -- Installing: /robofuzz/robot_localization_ws/install/share/robot_localization/test/test1.bag
[89.135s] -- Installing: /robofuzz/robot_localization_ws/install/share/robot_localization/test/test_navsat_conversions.cpp
[89.135s] -- Installing: /robofuzz/robot_localization_ws/install/share/robot_localization/test/test_ukf_localization_node_bag3.sh
[89.135s] -- Installing: /robofuzz/robot_localization_ws/install/share/robot_localization/test/test_ukf_localization_node_bag1.sh
[89.135s] -- Installing: /robofuzz/robot_localization_ws/install/share/robot_localization/test/test_filter_base_diagnostics_timestamps.launch.py
[89.136s] -- Installing: /robofuzz/robot_localization_ws/install/share/robot_localization/test/test_ros_robot_localization_listener_publisher.cpp
[89.136s] -- Installing: /robofuzz/robot_localization_ws/install/share/robot_localization/test/test_ukf_localization_node_bag3.yaml
[89.136s] -- Installing: /robofuzz/robot_localization_ws/install/share/robot_localization/test/test_ekf_localization_node_bag2.sh
[89.137s] -- Installing: /robofuzz/robot_localization_ws/install/share/robot_localization/test/test_ekf_localization_node_interfaces.launch.py
[89.137s] -- Installing: /robofuzz/robot_localization_ws/install/share/robot_localization/test/test_ekf_localization_node_bag3.yaml
[89.137s] -- Installing: /robofuzz/robot_localization_ws/install/share/robot_localization/test/test_ukf_localization_node_interfaces.cpp
[89.137s] -- Installing: /robofuzz/robot_localization_ws/install/share/robot_localization/test/test_navsat_transform.launch.py
[89.138s] -- Installing: /robofuzz/robot_localization_ws/install/lib/robot_localization/navsat_transform_node
[89.139s] -- Set runtime path of "/robofuzz/robot_localization_ws/install/lib/robot_localization/navsat_transform_node" to ""
[89.140s] -- Installing: /robofuzz/robot_localization_ws/install/lib/robot_localization/ekf_node
[89.142s] -- Set runtime path of "/robofuzz/robot_localization_ws/install/lib/robot_localization/ekf_node" to ""
[89.142s] -- Installing: /robofuzz/robot_localization_ws/install/lib/robot_localization/ukf_node
[89.144s] -- Set runtime path of "/robofuzz/robot_localization_ws/install/lib/robot_localization/ukf_node" to ""
[89.144s] -- Installing: /robofuzz/robot_localization_ws/install/lib/robot_localization/robot_localization_listener_node
[89.148s] -- Set runtime path of "/robofuzz/robot_localization_ws/install/lib/robot_localization/robot_localization_listener_node" to ""
[89.148s] -- Installing: /robofuzz/robot_localization_ws/install/lib/librl_lib.so
[89.245s] -- Set runtime path of "/robofuzz/robot_localization_ws/install/lib/librl_lib.so" to ""
[89.245s] -- Up-to-date: /robofuzz/robot_localization_ws/install/include
[89.245s] -- Up-to-date: /robofuzz/robot_localization_ws/install/include/robot_localization
[89.245s] -- Installing: /robofuzz/robot_localization_ws/install/include/robot_localization/filter_base.hpp
[89.245s] -- Installing: /robofuzz/robot_localization_ws/install/include/robot_localization/ros_filter.hpp
[89.245s] -- Installing: /robofuzz/robot_localization_ws/install/include/robot_localization/filter_utilities.hpp
[89.245s] -- Installing: /robofuzz/robot_localization_ws/install/include/robot_localization/filter_common.hpp
[89.245s] -- Installing: /robofuzz/robot_localization_ws/install/include/robot_localization/ros_robot_localization_listener.hpp
[89.246s] -- Installing: /robofuzz/robot_localization_ws/install/include/robot_localization/navsat_transform.hpp
[89.246s] -- Installing: /robofuzz/robot_localization_ws/install/include/robot_localization/ukf.hpp
[89.246s] -- Installing: /robofuzz/robot_localization_ws/install/include/robot_localization/ros_filter_types.hpp
[89.246s] -- Installing: /robofuzz/robot_localization_ws/install/include/robot_localization/filter_state.hpp
[89.246s] -- Installing: /robofuzz/robot_localization_ws/install/include/robot_localization/ros_filter_utilities.hpp
[89.247s] -- Installing: /robofuzz/robot_localization_ws/install/include/robot_localization/robot_localization_estimator.hpp
[89.247s] -- Installing: /robofuzz/robot_localization_ws/install/include/robot_localization/ekf.hpp
[89.247s] -- Installing: /robofuzz/robot_localization_ws/install/include/robot_localization/measurement.hpp
[89.247s] -- Installing: /robofuzz/robot_localization_ws/install/include/robot_localization/navsat_conversions.hpp
[89.247s] -- Installing: /robofuzz/robot_localization_ws/install/share/robot_localization/params
[89.248s] -- Installing: /robofuzz/robot_localization_ws/install/share/robot_localization/params/ekf.yaml
[89.248s] -- Installing: /robofuzz/robot_localization_ws/install/share/robot_localization/params/dual_ekf_navsat_example.yaml
[89.248s] -- Installing: /robofuzz/robot_localization_ws/install/share/robot_localization/params/ukf.yaml
[89.249s] -- Installing: /robofuzz/robot_localization_ws/install/share/robot_localization/params/navsat_transform.yaml
[89.249s] -- Installing: /robofuzz/robot_localization_ws/install/share/robot_localization/launch
[89.249s] -- Installing: /robofuzz/robot_localization_ws/install/share/robot_localization/launch/navsat_transform.launch.py
[89.249s] -- Installing: /robofuzz/robot_localization_ws/install/share/robot_localization/launch/ekf.launch.py
[89.250s] -- Installing: /robofuzz/robot_localization_ws/install/share/robot_localization/launch/dual_ekf_navsat_example.launch.py
[89.250s] -- Installing: /robofuzz/robot_localization_ws/install/share/robot_localization/launch/ukf.launch.py
[89.250s] -- Installing: /robofuzz/robot_localization_ws/install/share/ament_index/resource_index/package_run_dependencies/robot_localization
[89.251s] -- Installing: /robofuzz/robot_localization_ws/install/share/ament_index/resource_index/parent_prefix_path/robot_localization
[89.251s] -- Installing: /robofuzz/robot_localization_ws/install/share/robot_localization/environment/ament_prefix_path.sh
[89.251s] -- Installing: /robofuzz/robot_localization_ws/install/share/robot_localization/environment/ament_prefix_path.dsv
[89.251s] -- Installing: /robofuzz/robot_localization_ws/install/share/robot_localization/environment/path.sh
[89.252s] -- Installing: /robofuzz/robot_localization_ws/install/share/robot_localization/environment/path.dsv
[89.252s] -- Installing: /robofuzz/robot_localization_ws/install/share/robot_localization/local_setup.bash
[89.252s] -- Installing: /robofuzz/robot_localization_ws/install/share/robot_localization/local_setup.sh
[89.252s] -- Installing: /robofuzz/robot_localization_ws/install/share/robot_localization/local_setup.zsh
[89.253s] -- Installing: /robofuzz/robot_localization_ws/install/share/robot_localization/local_setup.dsv
[89.253s] -- Installing: /robofuzz/robot_localization_ws/install/share/robot_localization/package.dsv
[89.253s] -- Installing: /robofuzz/robot_localization_ws/install/share/ament_index/resource_index/packages/robot_localization
[89.253s] -- Installing: /robofuzz/robot_localization_ws/install/share/robot_localization/cmake/robot_localization__rosidl_generator_cExport.cmake
[89.254s] -- Installing: /robofuzz/robot_localization_ws/install/share/robot_localization/cmake/robot_localization__rosidl_generator_cExport-relwithdebinfo.cmake
[89.254s] -- Installing: /robofuzz/robot_localization_ws/install/share/robot_localization/cmake/robot_localization__rosidl_typesupport_introspection_cExport.cmake
[89.254s] -- Installing: /robofuzz/robot_localization_ws/install/share/robot_localization/cmake/robot_localization__rosidl_typesupport_introspection_cExport-relwithdebinfo.cmake
[89.255s] -- Installing: /robofuzz/robot_localization_ws/install/share/robot_localization/cmake/robot_localization__rosidl_typesupport_cExport.cmake
[89.255s] -- Installing: /robofuzz/robot_localization_ws/install/share/robot_localization/cmake/robot_localization__rosidl_typesupport_cExport-relwithdebinfo.cmake
[89.255s] -- Installing: /robofuzz/robot_localization_ws/install/share/robot_localization/cmake/robot_localization__rosidl_generator_cppExport.cmake
[89.255s] -- Installing: /robofuzz/robot_localization_ws/install/share/robot_localization/cmake/robot_localization__rosidl_typesupport_introspection_cppExport.cmake
[89.256s] -- Installing: /robofuzz/robot_localization_ws/install/share/robot_localization/cmake/robot_localization__rosidl_typesupport_introspection_cppExport-relwithdebinfo.cmake
[89.256s] -- Installing: /robofuzz/robot_localization_ws/install/share/robot_localization/cmake/robot_localization__rosidl_typesupport_cppExport.cmake
[89.256s] -- Installing: /robofuzz/robot_localization_ws/install/share/robot_localization/cmake/robot_localization__rosidl_typesupport_cppExport-relwithdebinfo.cmake
[89.256s] -- Installing: /robofuzz/robot_localization_ws/install/share/robot_localization/cmake/rosidl_cmake-extras.cmake
[89.257s] -- Installing: /robofuzz/robot_localization_ws/install/share/robot_localization/cmake/ament_cmake_export_dependencies-extras.cmake
[89.257s] -- Installing: /robofuzz/robot_localization_ws/install/share/robot_localization/cmake/ament_cmake_export_libraries-extras.cmake
[89.257s] -- Installing: /robofuzz/robot_localization_ws/install/share/robot_localization/cmake/ament_cmake_export_targets-extras.cmake
[89.257s] -- Installing: /robofuzz/robot_localization_ws/install/share/robot_localization/cmake/ament_cmake_export_include_directories-extras.cmake
[89.258s] -- Installing: /robofuzz/robot_localization_ws/install/share/robot_localization/cmake/rosidl_cmake_export_typesupport_libraries-extras.cmake
[89.258s] -- Installing: /robofuzz/robot_localization_ws/install/share/robot_localization/cmake/rosidl_cmake_export_typesupport_targets-extras.cmake
[89.258s] -- Installing: /robofuzz/robot_localization_ws/install/share/robot_localization/cmake/robot_localizationConfig.cmake
[89.258s] -- Installing: /robofuzz/robot_localization_ws/install/share/robot_localization/cmake/robot_localizationConfig-version.cmake
[89.259s] -- Installing: /robofuzz/robot_localization_ws/install/share/robot_localization/package.xml
[89.265s] Invoked command in '/robofuzz/robot_localization_ws/build/robot_localization' returned '0': CMAKE_PREFIX_PATH=${CMAKE_PREFIX_PATH}:/robofuzz/targets/turtlebot3_ws/install/turtlebot3_teleop:/robofuzz/targets/turtlebot3_ws/install/turtlebot3_example:/opt/ros/foxy /usr/bin/cmake --install /robofuzz/robot_localization_ws/build/robot_localization
